------------------------------------------------------------
Timing Analyzer Summary
------------------------------------------------------------

Type  : Slow 1100mV 85C Model Setup 'SerialUartCommunication:uart_comm|rx_ready_aux'
Slack : -111.998
TNS   : -9387.898

Type  : Slow 1100mV 85C Model Setup 'FrequencyDivider:freq|local_out'
Slack : -8.603
TNS   : -669.103

Type  : Slow 1100mV 85C Model Setup 'clk'
Slack : -5.566
TNS   : -268.458

Type  : Slow 1100mV 85C Model Hold 'FrequencyDivider:freq|local_out'
Slack : 0.361
TNS   : 0.000

Type  : Slow 1100mV 85C Model Hold 'clk'
Slack : 0.434
TNS   : 0.000

Type  : Slow 1100mV 85C Model Hold 'SerialUartCommunication:uart_comm|rx_ready_aux'
Slack : 0.875
TNS   : 0.000

Type  : Slow 1100mV 85C Model Minimum Pulse Width 'SerialUartCommunication:uart_comm|rx_ready_aux'
Slack : -2.225
TNS   : -763.467

Type  : Slow 1100mV 85C Model Minimum Pulse Width 'clk'
Slack : -0.538
TNS   : -80.857

Type  : Slow 1100mV 85C Model Minimum Pulse Width 'FrequencyDivider:freq|local_out'
Slack : -0.538
TNS   : -77.214

Type  : Slow 1100mV 0C Model Setup 'SerialUartCommunication:uart_comm|rx_ready_aux'
Slack : -112.797
TNS   : -9459.509

Type  : Slow 1100mV 0C Model Setup 'FrequencyDivider:freq|local_out'
Slack : -8.828
TNS   : -682.590

Type  : Slow 1100mV 0C Model Setup 'clk'
Slack : -5.640
TNS   : -262.023

Type  : Slow 1100mV 0C Model Hold 'clk'
Slack : 0.114
TNS   : 0.000

Type  : Slow 1100mV 0C Model Hold 'FrequencyDivider:freq|local_out'
Slack : 0.364
TNS   : 0.000

Type  : Slow 1100mV 0C Model Hold 'SerialUartCommunication:uart_comm|rx_ready_aux'
Slack : 0.907
TNS   : 0.000

Type  : Slow 1100mV 0C Model Minimum Pulse Width 'SerialUartCommunication:uart_comm|rx_ready_aux'
Slack : -2.225
TNS   : -762.534

Type  : Slow 1100mV 0C Model Minimum Pulse Width 'clk'
Slack : -0.538
TNS   : -83.296

Type  : Slow 1100mV 0C Model Minimum Pulse Width 'FrequencyDivider:freq|local_out'
Slack : -0.538
TNS   : -76.634

Type  : Fast 1100mV 85C Model Setup 'SerialUartCommunication:uart_comm|rx_ready_aux'
Slack : -58.161
TNS   : -4796.295

Type  : Fast 1100mV 85C Model Setup 'FrequencyDivider:freq|local_out'
Slack : -3.845
TNS   : -292.868

Type  : Fast 1100mV 85C Model Setup 'clk'
Slack : -3.060
TNS   : -93.292

Type  : Fast 1100mV 85C Model Hold 'clk'
Slack : 0.020
TNS   : 0.000

Type  : Fast 1100mV 85C Model Hold 'FrequencyDivider:freq|local_out'
Slack : 0.111
TNS   : 0.000

Type  : Fast 1100mV 85C Model Hold 'SerialUartCommunication:uart_comm|rx_ready_aux'
Slack : 0.311
TNS   : 0.000

Type  : Fast 1100mV 85C Model Minimum Pulse Width 'SerialUartCommunication:uart_comm|rx_ready_aux'
Slack : -1.702
TNS   : -519.300

Type  : Fast 1100mV 85C Model Minimum Pulse Width 'clk'
Slack : -0.449
TNS   : -10.579

Type  : Fast 1100mV 85C Model Minimum Pulse Width 'FrequencyDivider:freq|local_out'
Slack : -0.145
TNS   : -5.038

Type  : Fast 1100mV 0C Model Setup 'SerialUartCommunication:uart_comm|rx_ready_aux'
Slack : -53.332
TNS   : -4405.053

Type  : Fast 1100mV 0C Model Setup 'FrequencyDivider:freq|local_out'
Slack : -3.484
TNS   : -267.130

Type  : Fast 1100mV 0C Model Setup 'clk'
Slack : -2.740
TNS   : -77.177

Type  : Fast 1100mV 0C Model Hold 'clk'
Slack : -0.236
TNS   : -2.494

Type  : Fast 1100mV 0C Model Hold 'FrequencyDivider:freq|local_out'
Slack : 0.093
TNS   : 0.000

Type  : Fast 1100mV 0C Model Hold 'SerialUartCommunication:uart_comm|rx_ready_aux'
Slack : 0.288
TNS   : 0.000

Type  : Fast 1100mV 0C Model Minimum Pulse Width 'SerialUartCommunication:uart_comm|rx_ready_aux'
Slack : -1.702
TNS   : -515.057

Type  : Fast 1100mV 0C Model Minimum Pulse Width 'clk'
Slack : -0.429
TNS   : -10.609

Type  : Fast 1100mV 0C Model Minimum Pulse Width 'FrequencyDivider:freq|local_out'
Slack : -0.075
TNS   : -1.791

------------------------------------------------------------
