Analysis & Synthesis report for MatrixLinearRegression
Wed Nov 29 12:46:26 2023
Quartus Prime Version 22.1std.2 Build 922 07/20/2023 SC Lite Edition


---------------------
; Table of Contents ;
---------------------
  1. Legal Notice
  2. Analysis & Synthesis Summary
  3. Analysis & Synthesis Settings
  4. Parallel Compilation
  5. Analysis & Synthesis Source Files Read
  6. Analysis & Synthesis Resource Usage Summary
  7. Analysis & Synthesis Resource Utilization by Entity
  8. Analysis & Synthesis DSP Block Usage Summary
  9. General Register Statistics
 10. Parameter Settings for Inferred Entity Instance: MatrixInverter:invert_xtx|lpm_divide:Div2
 11. Parameter Settings for Inferred Entity Instance: MatrixInverter:invert_xtx|lpm_divide:Div3
 12. Parameter Settings for Inferred Entity Instance: MatrixInverter:invert_xtx|lpm_divide:Div0
 13. Parameter Settings for Inferred Entity Instance: MatrixInverter:invert_xtx|lpm_divide:Div1
 14. Post-Synthesis Netlist Statistics for Top Partition
 15. Elapsed Time Per Partition
 16. Analysis & Synthesis Messages



----------------
; Legal Notice ;
----------------
Copyright (C) 2023  Intel Corporation. All rights reserved.
Your use of Intel Corporation's design tools, logic functions 
and other software and tools, and any partner logic 
functions, and any output files from any of the foregoing 
(including device programming or simulation files), and any 
associated documentation or information are expressly subject 
to the terms and conditions of the Intel Program License 
Subscription Agreement, the Intel Quartus Prime License Agreement,
the Intel FPGA IP License Agreement, or other applicable license
agreement, including, without limitation, that your use is for
the sole purpose of programming logic devices manufactured by
Intel and sold by Intel or its authorized distributors.  Please
refer to the applicable agreement for further details, at
https://fpgasoftware.intel.com/eula.



+----------------------------------------------------------------------------------+
; Analysis & Synthesis Summary                                                     ;
+---------------------------------+------------------------------------------------+
; Analysis & Synthesis Status     ; Successful - Wed Nov 29 12:46:25 2023          ;
; Quartus Prime Version           ; 22.1std.2 Build 922 07/20/2023 SC Lite Edition ;
; Revision Name                   ; MatrixLinearRegression                         ;
; Top-level Entity Name           ; MatrixLinearRegression                         ;
; Family                          ; Cyclone V                                      ;
; Logic utilization (in ALMs)     ; N/A                                            ;
; Total registers                 ; 0                                              ;
; Total pins                      ; 192                                            ;
; Total virtual pins              ; 0                                              ;
; Total block memory bits         ; 0                                              ;
; Total DSP Blocks                ; 28                                             ;
; Total HSSI RX PCSs              ; 0                                              ;
; Total HSSI PMA RX Deserializers ; 0                                              ;
; Total HSSI TX PCSs              ; 0                                              ;
; Total HSSI PMA TX Serializers   ; 0                                              ;
; Total PLLs                      ; 0                                              ;
; Total DLLs                      ; 0                                              ;
+---------------------------------+------------------------------------------------+


+-----------------------------------------------------------------------------------------------------------------------------------+
; Analysis & Synthesis Settings                                                                                                     ;
+---------------------------------------------------------------------------------+------------------------+------------------------+
; Option                                                                          ; Setting                ; Default Value          ;
+---------------------------------------------------------------------------------+------------------------+------------------------+
; Device                                                                          ; 5CEBA4F23C7            ;                        ;
; Top-level entity name                                                           ; MatrixLinearRegression ; MatrixLinearRegression ;
; Family name                                                                     ; Cyclone V              ; Cyclone V              ;
; Use smart compilation                                                           ; Off                    ; Off                    ;
; Enable parallel Assembler and Timing Analyzer during compilation                ; On                     ; On                     ;
; Enable compact report table                                                     ; Off                    ; Off                    ;
; Restructure Multiplexers                                                        ; Auto                   ; Auto                   ;
; MLAB Add Timing Constraints For Mixed-Port Feed-Through Mode Setting Don't Care ; Off                    ; Off                    ;
; Create Debugging Nodes for IP Cores                                             ; Off                    ; Off                    ;
; Preserve fewer node names                                                       ; On                     ; On                     ;
; Intel FPGA IP Evaluation Mode                                                   ; Enable                 ; Enable                 ;
; Verilog Version                                                                 ; Verilog_2001           ; Verilog_2001           ;
; VHDL Version                                                                    ; VHDL_1993              ; VHDL_1993              ;
; State Machine Processing                                                        ; Auto                   ; Auto                   ;
; Safe State Machine                                                              ; Off                    ; Off                    ;
; Extract Verilog State Machines                                                  ; On                     ; On                     ;
; Extract VHDL State Machines                                                     ; On                     ; On                     ;
; Ignore Verilog initial constructs                                               ; Off                    ; Off                    ;
; Iteration limit for constant Verilog loops                                      ; 5000                   ; 5000                   ;
; Iteration limit for non-constant Verilog loops                                  ; 250                    ; 250                    ;
; Add Pass-Through Logic to Inferred RAMs                                         ; On                     ; On                     ;
; Infer RAMs from Raw Logic                                                       ; On                     ; On                     ;
; Parallel Synthesis                                                              ; On                     ; On                     ;
; DSP Block Balancing                                                             ; Auto                   ; Auto                   ;
; NOT Gate Push-Back                                                              ; On                     ; On                     ;
; Power-Up Don't Care                                                             ; On                     ; On                     ;
; Remove Redundant Logic Cells                                                    ; Off                    ; Off                    ;
; Remove Duplicate Registers                                                      ; On                     ; On                     ;
; Ignore CARRY Buffers                                                            ; Off                    ; Off                    ;
; Ignore CASCADE Buffers                                                          ; Off                    ; Off                    ;
; Ignore GLOBAL Buffers                                                           ; Off                    ; Off                    ;
; Ignore ROW GLOBAL Buffers                                                       ; Off                    ; Off                    ;
; Ignore LCELL Buffers                                                            ; Off                    ; Off                    ;
; Ignore SOFT Buffers                                                             ; On                     ; On                     ;
; Limit AHDL Integers to 32 Bits                                                  ; Off                    ; Off                    ;
; Optimization Technique                                                          ; Balanced               ; Balanced               ;
; Carry Chain Length                                                              ; 70                     ; 70                     ;
; Auto Carry Chains                                                               ; On                     ; On                     ;
; Auto Open-Drain Pins                                                            ; On                     ; On                     ;
; Perform WYSIWYG Primitive Resynthesis                                           ; Off                    ; Off                    ;
; Auto ROM Replacement                                                            ; On                     ; On                     ;
; Auto RAM Replacement                                                            ; On                     ; On                     ;
; Auto DSP Block Replacement                                                      ; On                     ; On                     ;
; Auto Shift Register Replacement                                                 ; Auto                   ; Auto                   ;
; Allow Shift Register Merging across Hierarchies                                 ; Auto                   ; Auto                   ;
; Auto Clock Enable Replacement                                                   ; On                     ; On                     ;
; Strict RAM Replacement                                                          ; Off                    ; Off                    ;
; Allow Synchronous Control Signals                                               ; On                     ; On                     ;
; Force Use of Synchronous Clear Signals                                          ; Off                    ; Off                    ;
; Auto Resource Sharing                                                           ; Off                    ; Off                    ;
; Allow Any RAM Size For Recognition                                              ; Off                    ; Off                    ;
; Allow Any ROM Size For Recognition                                              ; Off                    ; Off                    ;
; Allow Any Shift Register Size For Recognition                                   ; Off                    ; Off                    ;
; Use LogicLock Constraints during Resource Balancing                             ; On                     ; On                     ;
; Ignore translate_off and synthesis_off directives                               ; Off                    ; Off                    ;
; Timing-Driven Synthesis                                                         ; On                     ; On                     ;
; Report Parameter Settings                                                       ; On                     ; On                     ;
; Report Source Assignments                                                       ; On                     ; On                     ;
; Report Connectivity Checks                                                      ; On                     ; On                     ;
; Ignore Maximum Fan-Out Assignments                                              ; Off                    ; Off                    ;
; Synchronization Register Chain Length                                           ; 3                      ; 3                      ;
; Power Optimization During Synthesis                                             ; Normal compilation     ; Normal compilation     ;
; HDL message level                                                               ; Level2                 ; Level2                 ;
; Suppress Register Optimization Related Messages                                 ; Off                    ; Off                    ;
; Number of Removed Registers Reported in Synthesis Report                        ; 5000                   ; 5000                   ;
; Number of Swept Nodes Reported in Synthesis Report                              ; 5000                   ; 5000                   ;
; Number of Inverted Registers Reported in Synthesis Report                       ; 100                    ; 100                    ;
; Clock MUX Protection                                                            ; On                     ; On                     ;
; Auto Gated Clock Conversion                                                     ; Off                    ; Off                    ;
; Block Design Naming                                                             ; Auto                   ; Auto                   ;
; SDC constraint protection                                                       ; Off                    ; Off                    ;
; Synthesis Effort                                                                ; Auto                   ; Auto                   ;
; Shift Register Replacement - Allow Asynchronous Clear Signal                    ; On                     ; On                     ;
; Pre-Mapping Resynthesis Optimization                                            ; Off                    ; Off                    ;
; Analysis & Synthesis Message Level                                              ; Medium                 ; Medium                 ;
; Disable Register Merging Across Hierarchies                                     ; Auto                   ; Auto                   ;
; Resource Aware Inference For Block RAM                                          ; On                     ; On                     ;
; Automatic Parallel Synthesis                                                    ; On                     ; On                     ;
; Partial Reconfiguration Bitstream ID                                            ; Off                    ; Off                    ;
+---------------------------------------------------------------------------------+------------------------+------------------------+


+------------------------------------------+
; Parallel Compilation                     ;
+----------------------------+-------------+
; Processors                 ; Number      ;
+----------------------------+-------------+
; Number detected on machine ; 12          ;
; Maximum allowed            ; 6           ;
;                            ;             ;
; Average used               ; 1.00        ;
; Maximum used               ; 6           ;
;                            ;             ;
; Usage by Processor         ; % Time Used ;
;     Processor 1            ; 100.0%      ;
;     Processor 2            ;   0.0%      ;
;     Processor 3            ;   0.0%      ;
;     Processor 4            ;   0.0%      ;
;     Processor 5            ;   0.0%      ;
;     Processor 6            ;   0.0%      ;
+----------------------------+-------------+


+-----------------------------------------------------------------------------------------------------------------------------------------------------------------------------------------+
; Analysis & Synthesis Source Files Read                                                                                                                                                  ;
+----------------------------------+-----------------+------------------------------+-------------------------------------------------------------------------------------------+---------+
; File Name with User-Entered Path ; Used in Netlist ; File Type                    ; File Name with Absolute Path                                                              ; Library ;
+----------------------------------+-----------------+------------------------------+-------------------------------------------------------------------------------------------+---------+
; MatrixLinearRegression.vhd       ; yes             ; User VHDL File               ; D:/Backup/GitHub/fpga_linear_regression/MatrixLinearRegression/MatrixLinearRegression.vhd ;         ;
; MatrixInverter.vhd               ; yes             ; User VHDL File               ; D:/Backup/GitHub/fpga_linear_regression/MatrixLinearRegression/MatrixInverter.vhd         ;         ;
; MatrixMultiplier.vhd             ; yes             ; User VHDL File               ; D:/Backup/GitHub/fpga_linear_regression/MatrixLinearRegression/MatrixMultiplier.vhd       ;         ;
; MatrixTranspose.vhd              ; yes             ; User VHDL File               ; D:/Backup/GitHub/fpga_linear_regression/MatrixLinearRegression/MatrixTranspose.vhd        ;         ;
; lpm_divide.tdf                   ; yes             ; Megafunction                 ; c:/intelfpga_lite/22.1std/quartus/libraries/megafunctions/lpm_divide.tdf                  ;         ;
; abs_divider.inc                  ; yes             ; Megafunction                 ; c:/intelfpga_lite/22.1std/quartus/libraries/megafunctions/abs_divider.inc                 ;         ;
; sign_div_unsign.inc              ; yes             ; Megafunction                 ; c:/intelfpga_lite/22.1std/quartus/libraries/megafunctions/sign_div_unsign.inc             ;         ;
; aglobal221.inc                   ; yes             ; Megafunction                 ; c:/intelfpga_lite/22.1std/quartus/libraries/megafunctions/aglobal221.inc                  ;         ;
; db/lpm_divide_rqo.tdf            ; yes             ; Auto-Generated Megafunction  ; D:/Backup/GitHub/fpga_linear_regression/MatrixLinearRegression/db/lpm_divide_rqo.tdf      ;         ;
; db/abs_divider_4dg.tdf           ; yes             ; Auto-Generated Megafunction  ; D:/Backup/GitHub/fpga_linear_regression/MatrixLinearRegression/db/abs_divider_4dg.tdf     ;         ;
; db/alt_u_div_o2f.tdf             ; yes             ; Auto-Generated Megafunction  ; D:/Backup/GitHub/fpga_linear_regression/MatrixLinearRegression/db/alt_u_div_o2f.tdf       ;         ;
; db/lpm_abs_4p9.tdf               ; yes             ; Auto-Generated Megafunction  ; D:/Backup/GitHub/fpga_linear_regression/MatrixLinearRegression/db/lpm_abs_4p9.tdf         ;         ;
+----------------------------------+-----------------+------------------------------+-------------------------------------------------------------------------------------------+---------+


+---------------------------------------------------------------------------------+
; Analysis & Synthesis Resource Usage Summary                                     ;
+---------------------------------------------+-----------------------------------+
; Resource                                    ; Usage                             ;
+---------------------------------------------+-----------------------------------+
; Estimate of Logic utilization (ALMs needed) ; 2527                              ;
;                                             ;                                   ;
; Combinational ALUT usage for logic          ; 5025                              ;
;     -- 7 input functions                    ; 0                                 ;
;     -- 6 input functions                    ; 28                                ;
;     -- 5 input functions                    ; 2071                              ;
;     -- 4 input functions                    ; 1747                              ;
;     -- <=3 input functions                  ; 1179                              ;
;                                             ;                                   ;
; Dedicated logic registers                   ; 0                                 ;
;                                             ;                                   ;
; I/O pins                                    ; 192                               ;
;                                             ;                                   ;
; Total DSP Blocks                            ; 28                                ;
;                                             ;                                   ;
; Maximum fan-out node                        ; MatrixInverter:invert_xtx|Mult1~1 ;
; Maximum fan-out                             ; 133                               ;
; Total fan-out                               ; 23387                             ;
; Average fan-out                             ; 4.30                              ;
+---------------------------------------------+-----------------------------------+


+--------------------------------------------------------------------------------------------------------------------------------------------------------------------------------------------------------------------------------------------------------------------------------------------------------------------------------------------+
; Analysis & Synthesis Resource Utilization by Entity                                                                                                                                                                                                                                                                                        ;
+------------------------------------------+---------------------+---------------------------+-------------------+------------+------+--------------+------------------------------------------------------------------------------------------------------------------------------------------------+------------------------+--------------+
; Compilation Hierarchy Node               ; Combinational ALUTs ; Dedicated Logic Registers ; Block Memory Bits ; DSP Blocks ; Pins ; Virtual Pins ; Full Hierarchy Name                                                                                                                            ; Entity Name            ; Library Name ;
+------------------------------------------+---------------------+---------------------------+-------------------+------------+------+--------------+------------------------------------------------------------------------------------------------------------------------------------------------+------------------------+--------------+
; |MatrixLinearRegression                  ; 5025 (0)            ; 0 (0)                     ; 0                 ; 28         ; 192  ; 0            ; |MatrixLinearRegression                                                                                                                        ; MatrixLinearRegression ; work         ;
;    |MatrixInverter:invert_xtx|           ; 4833 (177)          ; 0 (0)                     ; 0                 ; 4          ; 0    ; 0            ; |MatrixLinearRegression|MatrixInverter:invert_xtx                                                                                              ; MatrixInverter         ; work         ;
;       |lpm_divide:Div0|                  ; 1164 (0)            ; 0 (0)                     ; 0                 ; 0          ; 0    ; 0            ; |MatrixLinearRegression|MatrixInverter:invert_xtx|lpm_divide:Div0                                                                              ; lpm_divide             ; work         ;
;          |lpm_divide_rqo:auto_generated| ; 1164 (0)            ; 0 (0)                     ; 0                 ; 0          ; 0    ; 0            ; |MatrixLinearRegression|MatrixInverter:invert_xtx|lpm_divide:Div0|lpm_divide_rqo:auto_generated                                                ; lpm_divide_rqo         ; work         ;
;             |abs_divider_4dg:divider|    ; 1164 (16)           ; 0 (0)                     ; 0                 ; 0          ; 0    ; 0            ; |MatrixLinearRegression|MatrixInverter:invert_xtx|lpm_divide:Div0|lpm_divide_rqo:auto_generated|abs_divider_4dg:divider                        ; abs_divider_4dg        ; work         ;
;                |alt_u_div_o2f:divider|   ; 1099 (1099)         ; 0 (0)                     ; 0                 ; 0          ; 0    ; 0            ; |MatrixLinearRegression|MatrixInverter:invert_xtx|lpm_divide:Div0|lpm_divide_rqo:auto_generated|abs_divider_4dg:divider|alt_u_div_o2f:divider  ; alt_u_div_o2f          ; work         ;
;                |lpm_abs_4p9:my_abs_den|  ; 32 (32)             ; 0 (0)                     ; 0                 ; 0          ; 0    ; 0            ; |MatrixLinearRegression|MatrixInverter:invert_xtx|lpm_divide:Div0|lpm_divide_rqo:auto_generated|abs_divider_4dg:divider|lpm_abs_4p9:my_abs_den ; lpm_abs_4p9            ; work         ;
;                |lpm_abs_4p9:my_abs_num|  ; 17 (17)             ; 0 (0)                     ; 0                 ; 0          ; 0    ; 0            ; |MatrixLinearRegression|MatrixInverter:invert_xtx|lpm_divide:Div0|lpm_divide_rqo:auto_generated|abs_divider_4dg:divider|lpm_abs_4p9:my_abs_num ; lpm_abs_4p9            ; work         ;
;       |lpm_divide:Div1|                  ; 1164 (0)            ; 0 (0)                     ; 0                 ; 0          ; 0    ; 0            ; |MatrixLinearRegression|MatrixInverter:invert_xtx|lpm_divide:Div1                                                                              ; lpm_divide             ; work         ;
;          |lpm_divide_rqo:auto_generated| ; 1164 (0)            ; 0 (0)                     ; 0                 ; 0          ; 0    ; 0            ; |MatrixLinearRegression|MatrixInverter:invert_xtx|lpm_divide:Div1|lpm_divide_rqo:auto_generated                                                ; lpm_divide_rqo         ; work         ;
;             |abs_divider_4dg:divider|    ; 1164 (16)           ; 0 (0)                     ; 0                 ; 0          ; 0    ; 0            ; |MatrixLinearRegression|MatrixInverter:invert_xtx|lpm_divide:Div1|lpm_divide_rqo:auto_generated|abs_divider_4dg:divider                        ; abs_divider_4dg        ; work         ;
;                |alt_u_div_o2f:divider|   ; 1098 (1098)         ; 0 (0)                     ; 0                 ; 0          ; 0    ; 0            ; |MatrixLinearRegression|MatrixInverter:invert_xtx|lpm_divide:Div1|lpm_divide_rqo:auto_generated|abs_divider_4dg:divider|alt_u_div_o2f:divider  ; alt_u_div_o2f          ; work         ;
;                |lpm_abs_4p9:my_abs_den|  ; 32 (32)             ; 0 (0)                     ; 0                 ; 0          ; 0    ; 0            ; |MatrixLinearRegression|MatrixInverter:invert_xtx|lpm_divide:Div1|lpm_divide_rqo:auto_generated|abs_divider_4dg:divider|lpm_abs_4p9:my_abs_den ; lpm_abs_4p9            ; work         ;
;                |lpm_abs_4p9:my_abs_num|  ; 18 (18)             ; 0 (0)                     ; 0                 ; 0          ; 0    ; 0            ; |MatrixLinearRegression|MatrixInverter:invert_xtx|lpm_divide:Div1|lpm_divide_rqo:auto_generated|abs_divider_4dg:divider|lpm_abs_4p9:my_abs_num ; lpm_abs_4p9            ; work         ;
;       |lpm_divide:Div2|                  ; 1164 (0)            ; 0 (0)                     ; 0                 ; 0          ; 0    ; 0            ; |MatrixLinearRegression|MatrixInverter:invert_xtx|lpm_divide:Div2                                                                              ; lpm_divide             ; work         ;
;          |lpm_divide_rqo:auto_generated| ; 1164 (0)            ; 0 (0)                     ; 0                 ; 0          ; 0    ; 0            ; |MatrixLinearRegression|MatrixInverter:invert_xtx|lpm_divide:Div2|lpm_divide_rqo:auto_generated                                                ; lpm_divide_rqo         ; work         ;
;             |abs_divider_4dg:divider|    ; 1164 (16)           ; 0 (0)                     ; 0                 ; 0          ; 0    ; 0            ; |MatrixLinearRegression|MatrixInverter:invert_xtx|lpm_divide:Div2|lpm_divide_rqo:auto_generated|abs_divider_4dg:divider                        ; abs_divider_4dg        ; work         ;
;                |alt_u_div_o2f:divider|   ; 1098 (1098)         ; 0 (0)                     ; 0                 ; 0          ; 0    ; 0            ; |MatrixLinearRegression|MatrixInverter:invert_xtx|lpm_divide:Div2|lpm_divide_rqo:auto_generated|abs_divider_4dg:divider|alt_u_div_o2f:divider  ; alt_u_div_o2f          ; work         ;
;                |lpm_abs_4p9:my_abs_den|  ; 32 (32)             ; 0 (0)                     ; 0                 ; 0          ; 0    ; 0            ; |MatrixLinearRegression|MatrixInverter:invert_xtx|lpm_divide:Div2|lpm_divide_rqo:auto_generated|abs_divider_4dg:divider|lpm_abs_4p9:my_abs_den ; lpm_abs_4p9            ; work         ;
;                |lpm_abs_4p9:my_abs_num|  ; 18 (18)             ; 0 (0)                     ; 0                 ; 0          ; 0    ; 0            ; |MatrixLinearRegression|MatrixInverter:invert_xtx|lpm_divide:Div2|lpm_divide_rqo:auto_generated|abs_divider_4dg:divider|lpm_abs_4p9:my_abs_num ; lpm_abs_4p9            ; work         ;
;       |lpm_divide:Div3|                  ; 1164 (0)            ; 0 (0)                     ; 0                 ; 0          ; 0    ; 0            ; |MatrixLinearRegression|MatrixInverter:invert_xtx|lpm_divide:Div3                                                                              ; lpm_divide             ; work         ;
;          |lpm_divide_rqo:auto_generated| ; 1164 (0)            ; 0 (0)                     ; 0                 ; 0          ; 0    ; 0            ; |MatrixLinearRegression|MatrixInverter:invert_xtx|lpm_divide:Div3|lpm_divide_rqo:auto_generated                                                ; lpm_divide_rqo         ; work         ;
;             |abs_divider_4dg:divider|    ; 1164 (16)           ; 0 (0)                     ; 0                 ; 0          ; 0    ; 0            ; |MatrixLinearRegression|MatrixInverter:invert_xtx|lpm_divide:Div3|lpm_divide_rqo:auto_generated|abs_divider_4dg:divider                        ; abs_divider_4dg        ; work         ;
;                |alt_u_div_o2f:divider|   ; 1099 (1099)         ; 0 (0)                     ; 0                 ; 0          ; 0    ; 0            ; |MatrixLinearRegression|MatrixInverter:invert_xtx|lpm_divide:Div3|lpm_divide_rqo:auto_generated|abs_divider_4dg:divider|alt_u_div_o2f:divider  ; alt_u_div_o2f          ; work         ;
;                |lpm_abs_4p9:my_abs_den|  ; 32 (32)             ; 0 (0)                     ; 0                 ; 0          ; 0    ; 0            ; |MatrixLinearRegression|MatrixInverter:invert_xtx|lpm_divide:Div3|lpm_divide_rqo:auto_generated|abs_divider_4dg:divider|lpm_abs_4p9:my_abs_den ; lpm_abs_4p9            ; work         ;
;                |lpm_abs_4p9:my_abs_num|  ; 17 (17)             ; 0 (0)                     ; 0                 ; 0          ; 0    ; 0            ; |MatrixLinearRegression|MatrixInverter:invert_xtx|lpm_divide:Div3|lpm_divide_rqo:auto_generated|abs_divider_4dg:divider|lpm_abs_4p9:my_abs_num ; lpm_abs_4p9            ; work         ;
;    |MatrixMultiplier:final_multiply|     ; 64 (64)             ; 0 (0)                     ; 0                 ; 8          ; 0    ; 0            ; |MatrixLinearRegression|MatrixMultiplier:final_multiply                                                                                        ; MatrixMultiplier       ; work         ;
;    |MatrixMultiplier:multiply_xtx|       ; 64 (64)             ; 0 (0)                     ; 0                 ; 8          ; 0    ; 0            ; |MatrixLinearRegression|MatrixMultiplier:multiply_xtx                                                                                          ; MatrixMultiplier       ; work         ;
;    |MatrixMultiplier:multiply_xty|       ; 64 (64)             ; 0 (0)                     ; 0                 ; 8          ; 0    ; 0            ; |MatrixLinearRegression|MatrixMultiplier:multiply_xty                                                                                          ; MatrixMultiplier       ; work         ;
+------------------------------------------+---------------------+---------------------------+-------------------+------------+------+--------------+------------------------------------------------------------------------------------------------------------------------------------------------+------------------------+--------------+
Note: For table entries with two numbers listed, the numbers in parentheses indicate the number of resources of the given type used by the specific entity alone. The numbers listed outside of parentheses indicate the total resources of the given type used by the specific entity and all of its sub-entities in the hierarchy.


+-------------------------------------------------+
; Analysis & Synthesis DSP Block Usage Summary    ;
+-----------------------------------+-------------+
; Statistic                         ; Number Used ;
+-----------------------------------+-------------+
; Two Independent 18x18             ; 26          ;
; Sum of two 18x18                  ; 2           ;
; Total number of DSP blocks        ; 28          ;
;                                   ;             ;
; Fixed Point Unsigned Multiplier   ; 26          ;
; Fixed Point Mixed Sign Multiplier ; 4           ;
+-----------------------------------+-------------+


+------------------------------------------------------+
; General Register Statistics                          ;
+----------------------------------------------+-------+
; Statistic                                    ; Value ;
+----------------------------------------------+-------+
; Total registers                              ; 0     ;
; Number of registers using Synchronous Clear  ; 0     ;
; Number of registers using Synchronous Load   ; 0     ;
; Number of registers using Asynchronous Clear ; 0     ;
; Number of registers using Asynchronous Load  ; 0     ;
; Number of registers using Clock Enable       ; 0     ;
; Number of registers using Preset             ; 0     ;
+----------------------------------------------+-------+


+--------------------------------------------------------------------------------------------+
; Parameter Settings for Inferred Entity Instance: MatrixInverter:invert_xtx|lpm_divide:Div2 ;
+------------------------+----------------+--------------------------------------------------+
; Parameter Name         ; Value          ; Type                                             ;
+------------------------+----------------+--------------------------------------------------+
; LPM_WIDTHN             ; 32             ; Untyped                                          ;
; LPM_WIDTHD             ; 32             ; Untyped                                          ;
; LPM_NREPRESENTATION    ; SIGNED         ; Untyped                                          ;
; LPM_DREPRESENTATION    ; SIGNED         ; Untyped                                          ;
; LPM_PIPELINE           ; 0              ; Untyped                                          ;
; LPM_REMAINDERPOSITIVE  ; FALSE          ; Untyped                                          ;
; MAXIMIZE_SPEED         ; 5              ; Untyped                                          ;
; CBXI_PARAMETER         ; lpm_divide_rqo ; Untyped                                          ;
; CARRY_CHAIN            ; MANUAL         ; Untyped                                          ;
; OPTIMIZE_FOR_SPEED     ; 5              ; Untyped                                          ;
; AUTO_CARRY_CHAINS      ; ON             ; AUTO_CARRY                                       ;
; IGNORE_CARRY_BUFFERS   ; OFF            ; IGNORE_CARRY                                     ;
; AUTO_CASCADE_CHAINS    ; ON             ; AUTO_CASCADE                                     ;
; IGNORE_CASCADE_BUFFERS ; OFF            ; IGNORE_CASCADE                                   ;
+------------------------+----------------+--------------------------------------------------+
Note: In order to hide this table in the UI and the text report file, please set the "Show Parameter Settings in Synthesis Report" option in "Analysis and Synthesis Settings -> More Settings" to "Off".


+--------------------------------------------------------------------------------------------+
; Parameter Settings for Inferred Entity Instance: MatrixInverter:invert_xtx|lpm_divide:Div3 ;
+------------------------+----------------+--------------------------------------------------+
; Parameter Name         ; Value          ; Type                                             ;
+------------------------+----------------+--------------------------------------------------+
; LPM_WIDTHN             ; 32             ; Untyped                                          ;
; LPM_WIDTHD             ; 32             ; Untyped                                          ;
; LPM_NREPRESENTATION    ; SIGNED         ; Untyped                                          ;
; LPM_DREPRESENTATION    ; SIGNED         ; Untyped                                          ;
; LPM_PIPELINE           ; 0              ; Untyped                                          ;
; LPM_REMAINDERPOSITIVE  ; FALSE          ; Untyped                                          ;
; MAXIMIZE_SPEED         ; 5              ; Untyped                                          ;
; CBXI_PARAMETER         ; lpm_divide_rqo ; Untyped                                          ;
; CARRY_CHAIN            ; MANUAL         ; Untyped                                          ;
; OPTIMIZE_FOR_SPEED     ; 5              ; Untyped                                          ;
; AUTO_CARRY_CHAINS      ; ON             ; AUTO_CARRY                                       ;
; IGNORE_CARRY_BUFFERS   ; OFF            ; IGNORE_CARRY                                     ;
; AUTO_CASCADE_CHAINS    ; ON             ; AUTO_CASCADE                                     ;
; IGNORE_CASCADE_BUFFERS ; OFF            ; IGNORE_CASCADE                                   ;
+------------------------+----------------+--------------------------------------------------+
Note: In order to hide this table in the UI and the text report file, please set the "Show Parameter Settings in Synthesis Report" option in "Analysis and Synthesis Settings -> More Settings" to "Off".


+--------------------------------------------------------------------------------------------+
; Parameter Settings for Inferred Entity Instance: MatrixInverter:invert_xtx|lpm_divide:Div0 ;
+------------------------+----------------+--------------------------------------------------+
; Parameter Name         ; Value          ; Type                                             ;
+------------------------+----------------+--------------------------------------------------+
; LPM_WIDTHN             ; 32             ; Untyped                                          ;
; LPM_WIDTHD             ; 32             ; Untyped                                          ;
; LPM_NREPRESENTATION    ; SIGNED         ; Untyped                                          ;
; LPM_DREPRESENTATION    ; SIGNED         ; Untyped                                          ;
; LPM_PIPELINE           ; 0              ; Untyped                                          ;
; LPM_REMAINDERPOSITIVE  ; FALSE          ; Untyped                                          ;
; MAXIMIZE_SPEED         ; 5              ; Untyped                                          ;
; CBXI_PARAMETER         ; lpm_divide_rqo ; Untyped                                          ;
; CARRY_CHAIN            ; MANUAL         ; Untyped                                          ;
; OPTIMIZE_FOR_SPEED     ; 5              ; Untyped                                          ;
; AUTO_CARRY_CHAINS      ; ON             ; AUTO_CARRY                                       ;
; IGNORE_CARRY_BUFFERS   ; OFF            ; IGNORE_CARRY                                     ;
; AUTO_CASCADE_CHAINS    ; ON             ; AUTO_CASCADE                                     ;
; IGNORE_CASCADE_BUFFERS ; OFF            ; IGNORE_CASCADE                                   ;
+------------------------+----------------+--------------------------------------------------+
Note: In order to hide this table in the UI and the text report file, please set the "Show Parameter Settings in Synthesis Report" option in "Analysis and Synthesis Settings -> More Settings" to "Off".


+--------------------------------------------------------------------------------------------+
; Parameter Settings for Inferred Entity Instance: MatrixInverter:invert_xtx|lpm_divide:Div1 ;
+------------------------+----------------+--------------------------------------------------+
; Parameter Name         ; Value          ; Type                                             ;
+------------------------+----------------+--------------------------------------------------+
; LPM_WIDTHN             ; 32             ; Untyped                                          ;
; LPM_WIDTHD             ; 32             ; Untyped                                          ;
; LPM_NREPRESENTATION    ; SIGNED         ; Untyped                                          ;
; LPM_DREPRESENTATION    ; SIGNED         ; Untyped                                          ;
; LPM_PIPELINE           ; 0              ; Untyped                                          ;
; LPM_REMAINDERPOSITIVE  ; FALSE          ; Untyped                                          ;
; MAXIMIZE_SPEED         ; 5              ; Untyped                                          ;
; CBXI_PARAMETER         ; lpm_divide_rqo ; Untyped                                          ;
; CARRY_CHAIN            ; MANUAL         ; Untyped                                          ;
; OPTIMIZE_FOR_SPEED     ; 5              ; Untyped                                          ;
; AUTO_CARRY_CHAINS      ; ON             ; AUTO_CARRY                                       ;
; IGNORE_CARRY_BUFFERS   ; OFF            ; IGNORE_CARRY                                     ;
; AUTO_CASCADE_CHAINS    ; ON             ; AUTO_CASCADE                                     ;
; IGNORE_CASCADE_BUFFERS ; OFF            ; IGNORE_CASCADE                                   ;
+------------------------+----------------+--------------------------------------------------+
Note: In order to hide this table in the UI and the text report file, please set the "Show Parameter Settings in Synthesis Report" option in "Analysis and Synthesis Settings -> More Settings" to "Off".


+-----------------------------------------------------+
; Post-Synthesis Netlist Statistics for Top Partition ;
+-----------------------+-----------------------------+
; Type                  ; Count                       ;
+-----------------------+-----------------------------+
; arriav_lcell_comb     ; 5025                        ;
;     arith             ; 2790                        ;
;         0 data inputs ; 202                         ;
;         1 data inputs ; 100                         ;
;         2 data inputs ; 452                         ;
;         3 data inputs ; 56                          ;
;         4 data inputs ; 8                           ;
;         5 data inputs ; 1972                        ;
;     normal            ; 2172                        ;
;         2 data inputs ; 126                         ;
;         3 data inputs ; 180                         ;
;         4 data inputs ; 1739                        ;
;         5 data inputs ; 99                          ;
;         6 data inputs ; 28                          ;
;     shared            ; 63                          ;
;         0 data inputs ; 17                          ;
;         2 data inputs ; 15                          ;
;         3 data inputs ; 31                          ;
; arriav_mac            ; 28                          ;
; boundary_port         ; 192                         ;
;                       ;                             ;
; Max LUT depth         ; 98.80                       ;
; Average LUT depth     ; 85.69                       ;
+-----------------------+-----------------------------+


+-------------------------------+
; Elapsed Time Per Partition    ;
+----------------+--------------+
; Partition Name ; Elapsed Time ;
+----------------+--------------+
; Top            ; 00:00:04     ;
+----------------+--------------+


+-------------------------------+
; Analysis & Synthesis Messages ;
+-------------------------------+
Info: *******************************************************************
Info: Running Quartus Prime Analysis & Synthesis
    Info: Version 22.1std.2 Build 922 07/20/2023 SC Lite Edition
    Info: Processing started: Wed Nov 29 12:46:11 2023
Info: Command: quartus_map --read_settings_files=on --write_settings_files=off MatrixLinearRegression -c MatrixLinearRegression
Warning (18236): Number of processors has not been specified which may cause overloading on shared machines.  Set the global assignment NUM_PARALLEL_PROCESSORS in your QSF to an appropriate value for best performance.
Info (20030): Parallel compilation is enabled and will use 6 of the 6 processors detected
Info (12021): Found 3 design units, including 1 entities, in source file matrixlinearregression.vhd
    Info (12022): Found design unit 1: newtype File: D:/Backup/GitHub/fpga_linear_regression/MatrixLinearRegression/MatrixLinearRegression.vhd Line: 5
    Info (12022): Found design unit 2: MatrixLinearRegression-Behavioral File: D:/Backup/GitHub/fpga_linear_regression/MatrixLinearRegression/MatrixLinearRegression.vhd Line: 22
    Info (12023): Found entity 1: MatrixLinearRegression File: D:/Backup/GitHub/fpga_linear_regression/MatrixLinearRegression/MatrixLinearRegression.vhd Line: 14
Info (12021): Found 2 design units, including 1 entities, in source file matrixinverter.vhd
    Info (12022): Found design unit 1: MatrixInverter-Behavioral File: D:/Backup/GitHub/fpga_linear_regression/MatrixLinearRegression/MatrixInverter.vhd Line: 13
    Info (12023): Found entity 1: MatrixInverter File: D:/Backup/GitHub/fpga_linear_regression/MatrixLinearRegression/MatrixInverter.vhd Line: 6
Info (12021): Found 2 design units, including 1 entities, in source file matrixmultiplier.vhd
    Info (12022): Found design unit 1: MatrixMultiplier-Behavioral File: D:/Backup/GitHub/fpga_linear_regression/MatrixLinearRegression/MatrixMultiplier.vhd Line: 14
    Info (12023): Found entity 1: MatrixMultiplier File: D:/Backup/GitHub/fpga_linear_regression/MatrixLinearRegression/MatrixMultiplier.vhd Line: 6
Info (12021): Found 2 design units, including 1 entities, in source file matrixtranspose.vhd
    Info (12022): Found design unit 1: MatrixTranspose-Behavioral File: D:/Backup/GitHub/fpga_linear_regression/MatrixLinearRegression/MatrixTranspose.vhd Line: 13
    Info (12023): Found entity 1: MatrixTranspose File: D:/Backup/GitHub/fpga_linear_regression/MatrixLinearRegression/MatrixTranspose.vhd Line: 6
Warning (12019): Can't analyze file -- file Reader.vhd is missing
Warning (12019): Can't analyze file -- file UartRx.vhd is missing
Warning (12019): Can't analyze file -- file UartTx.vhd is missing
Info (12021): Found 3 design units, including 1 entities, in source file serialuartcommunication.vhd
    Info (12022): Found design unit 1: uart2_pkg File: D:/Backup/GitHub/fpga_linear_regression/MatrixLinearRegression/SerialUartCommunication.vhd Line: 26
    Info (12022): Found design unit 2: SerialUartCommunication-logic File: D:/Backup/GitHub/fpga_linear_regression/MatrixLinearRegression/SerialUartCommunication.vhd Line: 75
    Info (12023): Found entity 1: SerialUartCommunication File: D:/Backup/GitHub/fpga_linear_regression/MatrixLinearRegression/SerialUartCommunication.vhd Line: 54
Info (12127): Elaborating entity "MatrixLinearRegression" for the top level hierarchy
Info (10008): Verilog HDL or VHDL information: EDA Netlist Writer cannot regroup multidimensional array "X" into its bus
Info (10008): Verilog HDL or VHDL information: EDA Netlist Writer cannot regroup multidimensional array "Y" into its bus
Info (10008): Verilog HDL or VHDL information: EDA Netlist Writer cannot regroup multidimensional array "B" into its bus
Info (10008): Verilog HDL or VHDL information: EDA Netlist Writer cannot regroup multidimensional array "XT" into its bus
Info (10008): Verilog HDL or VHDL information: EDA Netlist Writer cannot regroup multidimensional array "XTX" into its bus
Info (10008): Verilog HDL or VHDL information: EDA Netlist Writer cannot regroup multidimensional array "Inv" into its bus
Info (10008): Verilog HDL or VHDL information: EDA Netlist Writer cannot regroup multidimensional array "XTY" into its bus
Info (10008): Verilog HDL or VHDL information: EDA Netlist Writer cannot regroup multidimensional array "X" into its bus
Info (10008): Verilog HDL or VHDL information: EDA Netlist Writer cannot regroup multidimensional array "Y" into its bus
Info (10008): Verilog HDL or VHDL information: EDA Netlist Writer cannot regroup multidimensional array "B" into its bus
Info (12128): Elaborating entity "MatrixTranspose" for hierarchy "MatrixTranspose:transpose_x" File: D:/Backup/GitHub/fpga_linear_regression/MatrixLinearRegression/MatrixLinearRegression.vhd Line: 52
Info (10008): Verilog HDL or VHDL information: EDA Netlist Writer cannot regroup multidimensional array "A" into its bus
Info (10008): Verilog HDL or VHDL information: EDA Netlist Writer cannot regroup multidimensional array "B" into its bus
Info (10008): Verilog HDL or VHDL information: EDA Netlist Writer cannot regroup multidimensional array "A" into its bus
Info (10008): Verilog HDL or VHDL information: EDA Netlist Writer cannot regroup multidimensional array "B" into its bus
Info (12128): Elaborating entity "MatrixMultiplier" for hierarchy "MatrixMultiplier:multiply_xtx" File: D:/Backup/GitHub/fpga_linear_regression/MatrixLinearRegression/MatrixLinearRegression.vhd Line: 58
Info (10008): Verilog HDL or VHDL information: EDA Netlist Writer cannot regroup multidimensional array "A" into its bus
Info (10008): Verilog HDL or VHDL information: EDA Netlist Writer cannot regroup multidimensional array "B" into its bus
Info (10008): Verilog HDL or VHDL information: EDA Netlist Writer cannot regroup multidimensional array "C" into its bus
Info (10008): Verilog HDL or VHDL information: EDA Netlist Writer cannot regroup multidimensional array "a_int" into its bus
Info (10008): Verilog HDL or VHDL information: EDA Netlist Writer cannot regroup multidimensional array "b_int" into its bus
Info (10008): Verilog HDL or VHDL information: EDA Netlist Writer cannot regroup multidimensional array "c_int" into its bus
Info (10008): Verilog HDL or VHDL information: EDA Netlist Writer cannot regroup multidimensional array "A" into its bus
Info (10008): Verilog HDL or VHDL information: EDA Netlist Writer cannot regroup multidimensional array "B" into its bus
Info (10008): Verilog HDL or VHDL information: EDA Netlist Writer cannot regroup multidimensional array "C" into its bus
Info (12128): Elaborating entity "MatrixInverter" for hierarchy "MatrixInverter:invert_xtx" File: D:/Backup/GitHub/fpga_linear_regression/MatrixLinearRegression/MatrixLinearRegression.vhd Line: 65
Warning (10492): VHDL Process Statement warning at MatrixInverter.vhd(29): signal "det" is read inside the Process Statement but isn't in the Process Statement's sensitivity list File: D:/Backup/GitHub/fpga_linear_regression/MatrixLinearRegression/MatrixInverter.vhd Line: 29
Warning (10492): VHDL Process Statement warning at MatrixInverter.vhd(31): signal "det" is read inside the Process Statement but isn't in the Process Statement's sensitivity list File: D:/Backup/GitHub/fpga_linear_regression/MatrixLinearRegression/MatrixInverter.vhd Line: 31
Warning (10492): VHDL Process Statement warning at MatrixInverter.vhd(32): signal "det" is read inside the Process Statement but isn't in the Process Statement's sensitivity list File: D:/Backup/GitHub/fpga_linear_regression/MatrixLinearRegression/MatrixInverter.vhd Line: 32
Warning (10492): VHDL Process Statement warning at MatrixInverter.vhd(33): signal "det" is read inside the Process Statement but isn't in the Process Statement's sensitivity list File: D:/Backup/GitHub/fpga_linear_regression/MatrixLinearRegression/MatrixInverter.vhd Line: 33
Warning (10492): VHDL Process Statement warning at MatrixInverter.vhd(34): signal "det" is read inside the Process Statement but isn't in the Process Statement's sensitivity list File: D:/Backup/GitHub/fpga_linear_regression/MatrixLinearRegression/MatrixInverter.vhd Line: 34
Info (10008): Verilog HDL or VHDL information: EDA Netlist Writer cannot regroup multidimensional array "A_in" into its bus
Info (10008): Verilog HDL or VHDL information: EDA Netlist Writer cannot regroup multidimensional array "A_out" into its bus
Info (10008): Verilog HDL or VHDL information: EDA Netlist Writer cannot regroup multidimensional array "A_in" into its bus
Info (10008): Verilog HDL or VHDL information: EDA Netlist Writer cannot regroup multidimensional array "A_out" into its bus
Info (278001): Inferred 4 megafunctions from design logic
    Info (278004): Inferred divider/modulo megafunction ("lpm_divide") from the following logic: "MatrixInverter:invert_xtx|Div2" File: D:/Backup/GitHub/fpga_linear_regression/MatrixLinearRegression/MatrixInverter.vhd Line: 33
    Info (278004): Inferred divider/modulo megafunction ("lpm_divide") from the following logic: "MatrixInverter:invert_xtx|Div3" File: D:/Backup/GitHub/fpga_linear_regression/MatrixLinearRegression/MatrixInverter.vhd Line: 34
    Info (278004): Inferred divider/modulo megafunction ("lpm_divide") from the following logic: "MatrixInverter:invert_xtx|Div0" File: D:/Backup/GitHub/fpga_linear_regression/MatrixLinearRegression/MatrixInverter.vhd Line: 31
    Info (278004): Inferred divider/modulo megafunction ("lpm_divide") from the following logic: "MatrixInverter:invert_xtx|Div1" File: D:/Backup/GitHub/fpga_linear_regression/MatrixLinearRegression/MatrixInverter.vhd Line: 32
Info (12130): Elaborated megafunction instantiation "MatrixInverter:invert_xtx|lpm_divide:Div2" File: D:/Backup/GitHub/fpga_linear_regression/MatrixLinearRegression/MatrixInverter.vhd Line: 33
Info (12133): Instantiated megafunction "MatrixInverter:invert_xtx|lpm_divide:Div2" with the following parameter: File: D:/Backup/GitHub/fpga_linear_regression/MatrixLinearRegression/MatrixInverter.vhd Line: 33
    Info (12134): Parameter "LPM_WIDTHN" = "32"
    Info (12134): Parameter "LPM_WIDTHD" = "32"
    Info (12134): Parameter "LPM_NREPRESENTATION" = "SIGNED"
    Info (12134): Parameter "LPM_DREPRESENTATION" = "SIGNED"
    Info (12134): Parameter "LPM_HINT" = "LPM_REMAINDERPOSITIVE=FALSE"
Info (12021): Found 1 design units, including 1 entities, in source file db/lpm_divide_rqo.tdf
    Info (12023): Found entity 1: lpm_divide_rqo File: D:/Backup/GitHub/fpga_linear_regression/MatrixLinearRegression/db/lpm_divide_rqo.tdf Line: 25
Info (12021): Found 1 design units, including 1 entities, in source file db/abs_divider_4dg.tdf
    Info (12023): Found entity 1: abs_divider_4dg File: D:/Backup/GitHub/fpga_linear_regression/MatrixLinearRegression/db/abs_divider_4dg.tdf Line: 27
Info (12021): Found 1 design units, including 1 entities, in source file db/alt_u_div_o2f.tdf
    Info (12023): Found entity 1: alt_u_div_o2f File: D:/Backup/GitHub/fpga_linear_regression/MatrixLinearRegression/db/alt_u_div_o2f.tdf Line: 23
Info (12021): Found 1 design units, including 1 entities, in source file db/lpm_abs_4p9.tdf
    Info (12023): Found entity 1: lpm_abs_4p9 File: D:/Backup/GitHub/fpga_linear_regression/MatrixLinearRegression/db/lpm_abs_4p9.tdf Line: 23
Info (286030): Timing-Driven Synthesis is running
Info (16010): Generating hard_block partition "hard_block:auto_generated_inst"
    Info (16011): Adding 0 node(s), including 0 DDIO, 0 PLL, 0 transceiver and 0 LCELL
Info (21057): Implemented 5245 device resources after synthesis - the final resource count might be different
    Info (21058): Implemented 128 input pins
    Info (21059): Implemented 64 output pins
    Info (21061): Implemented 5025 logic cells
    Info (21062): Implemented 28 DSP elements
Info: Quartus Prime Analysis & Synthesis was successful. 0 errors, 9 warnings
    Info: Peak virtual memory: 4919 megabytes
    Info: Processing ended: Wed Nov 29 12:46:26 2023
    Info: Elapsed time: 00:00:15
    Info: Total CPU time (on all processors): 00:00:19


