------------------------------------------------------------
Timing Analyzer Summary
------------------------------------------------------------

Type  : Slow 1100mV 85C Model Setup 'SerialUartCommunication:uart_comm|tx_done'
Slack : -310.860
TNS   : -2981.001

Type  : Slow 1100mV 85C Model Setup 'FrequencyDivider:freq|local_out'
Slack : -310.845
TNS   : -3018.997

Type  : Slow 1100mV 85C Model Setup 'SerialUartCommunication:uart_comm|rx_ready_aux'
Slack : -110.908
TNS   : -17769.773

Type  : Slow 1100mV 85C Model Setup 'clk'
Slack : -5.545
TNS   : -302.782

Type  : Slow 1100mV 85C Model Hold 'clk'
Slack : 0.440
TNS   : 0.000

Type  : Slow 1100mV 85C Model Hold 'SerialUartCommunication:uart_comm|tx_done'
Slack : 0.454
TNS   : 0.000

Type  : Slow 1100mV 85C Model Hold 'SerialUartCommunication:uart_comm|rx_ready_aux'
Slack : 0.512
TNS   : 0.000

Type  : Slow 1100mV 85C Model Hold 'FrequencyDivider:freq|local_out'
Slack : 0.533
TNS   : 0.000

Type  : Slow 1100mV 85C Model Minimum Pulse Width 'SerialUartCommunication:uart_comm|rx_ready_aux'
Slack : -2.225
TNS   : -483.257

Type  : Slow 1100mV 85C Model Minimum Pulse Width 'SerialUartCommunication:uart_comm|tx_done'
Slack : -0.566
TNS   : -65.321

Type  : Slow 1100mV 85C Model Minimum Pulse Width 'clk'
Slack : -0.538
TNS   : -90.400

Type  : Slow 1100mV 85C Model Minimum Pulse Width 'FrequencyDivider:freq|local_out'
Slack : -0.538
TNS   : -66.852

Type  : Slow 1100mV 0C Model Setup 'FrequencyDivider:freq|local_out'
Slack : -323.880
TNS   : -3138.441

Type  : Slow 1100mV 0C Model Setup 'SerialUartCommunication:uart_comm|tx_done'
Slack : -323.835
TNS   : -3085.782

Type  : Slow 1100mV 0C Model Setup 'SerialUartCommunication:uart_comm|rx_ready_aux'
Slack : -111.355
TNS   : -17855.713

Type  : Slow 1100mV 0C Model Setup 'clk'
Slack : -5.708
TNS   : -294.593

Type  : Slow 1100mV 0C Model Hold 'clk'
Slack : 0.259
TNS   : 0.000

Type  : Slow 1100mV 0C Model Hold 'SerialUartCommunication:uart_comm|rx_ready_aux'
Slack : 0.530
TNS   : 0.000

Type  : Slow 1100mV 0C Model Hold 'SerialUartCommunication:uart_comm|tx_done'
Slack : 0.530
TNS   : 0.000

Type  : Slow 1100mV 0C Model Hold 'FrequencyDivider:freq|local_out'
Slack : 0.564
TNS   : 0.000

Type  : Slow 1100mV 0C Model Minimum Pulse Width 'SerialUartCommunication:uart_comm|rx_ready_aux'
Slack : -2.225
TNS   : -480.774

Type  : Slow 1100mV 0C Model Minimum Pulse Width 'SerialUartCommunication:uart_comm|tx_done'
Slack : -0.566
TNS   : -64.223

Type  : Slow 1100mV 0C Model Minimum Pulse Width 'clk'
Slack : -0.538
TNS   : -91.582

Type  : Slow 1100mV 0C Model Minimum Pulse Width 'FrequencyDivider:freq|local_out'
Slack : -0.538
TNS   : -66.964

Type  : Fast 1100mV 85C Model Setup 'SerialUartCommunication:uart_comm|tx_done'
Slack : -150.701
TNS   : -1426.616

Type  : Fast 1100mV 85C Model Setup 'FrequencyDivider:freq|local_out'
Slack : -150.547
TNS   : -1436.184

Type  : Fast 1100mV 85C Model Setup 'SerialUartCommunication:uart_comm|rx_ready_aux'
Slack : -57.471
TNS   : -9168.957

Type  : Fast 1100mV 85C Model Setup 'clk'
Slack : -3.065
TNS   : -104.794

Type  : Fast 1100mV 85C Model Hold 'clk'
Slack : 0.135
TNS   : 0.000

Type  : Fast 1100mV 85C Model Hold 'SerialUartCommunication:uart_comm|tx_done'
Slack : 0.139
TNS   : 0.000

Type  : Fast 1100mV 85C Model Hold 'SerialUartCommunication:uart_comm|rx_ready_aux'
Slack : 0.156
TNS   : 0.000

Type  : Fast 1100mV 85C Model Hold 'FrequencyDivider:freq|local_out'
Slack : 0.163
TNS   : 0.000

Type  : Fast 1100mV 85C Model Minimum Pulse Width 'SerialUartCommunication:uart_comm|rx_ready_aux'
Slack : -1.702
TNS   : -253.103

Type  : Fast 1100mV 85C Model Minimum Pulse Width 'clk'
Slack : -0.464
TNS   : -12.401

Type  : Fast 1100mV 85C Model Minimum Pulse Width 'FrequencyDivider:freq|local_out'
Slack : -0.192
TNS   : -4.658

Type  : Fast 1100mV 85C Model Minimum Pulse Width 'SerialUartCommunication:uart_comm|tx_done'
Slack : -0.167
TNS   : -3.663

Type  : Fast 1100mV 0C Model Setup 'SerialUartCommunication:uart_comm|tx_done'
Slack : -141.225
TNS   : -1329.220

Type  : Fast 1100mV 0C Model Setup 'FrequencyDivider:freq|local_out'
Slack : -141.071
TNS   : -1342.296

Type  : Fast 1100mV 0C Model Setup 'SerialUartCommunication:uart_comm|rx_ready_aux'
Slack : -52.654
TNS   : -8411.376

Type  : Fast 1100mV 0C Model Setup 'clk'
Slack : -2.749
TNS   : -85.727

Type  : Fast 1100mV 0C Model Hold 'clk'
Slack : -0.160
TNS   : -0.264

Type  : Fast 1100mV 0C Model Hold 'SerialUartCommunication:uart_comm|rx_ready_aux'
Slack : 0.144
TNS   : 0.000

Type  : Fast 1100mV 0C Model Hold 'FrequencyDivider:freq|local_out'
Slack : 0.148
TNS   : 0.000

Type  : Fast 1100mV 0C Model Hold 'SerialUartCommunication:uart_comm|tx_done'
Slack : 0.148
TNS   : 0.000

Type  : Fast 1100mV 0C Model Minimum Pulse Width 'SerialUartCommunication:uart_comm|rx_ready_aux'
Slack : -1.702
TNS   : -245.003

Type  : Fast 1100mV 0C Model Minimum Pulse Width 'clk'
Slack : -0.462
TNS   : -12.309

Type  : Fast 1100mV 0C Model Minimum Pulse Width 'FrequencyDivider:freq|local_out'
Slack : -0.129
TNS   : -1.797

Type  : Fast 1100mV 0C Model Minimum Pulse Width 'SerialUartCommunication:uart_comm|tx_done'
Slack : -0.109
TNS   : -1.432

------------------------------------------------------------
