Timing Analyzer report for MatrixLinearRegression
Tue Dec  5 16:36:24 2023
Quartus Prime Version 22.1std.2 Build 922 07/20/2023 SC Lite Edition


---------------------
; Table of Contents ;
---------------------
  1. Legal Notice
  2. Timing Analyzer Summary
  3. Parallel Compilation
  4. Clocks
  5. Slow 1100mV 85C Model Fmax Summary
  6. Timing Closure Recommendations
  7. Slow 1100mV 85C Model Setup Summary
  8. Slow 1100mV 85C Model Hold Summary
  9. Slow 1100mV 85C Model Recovery Summary
 10. Slow 1100mV 85C Model Removal Summary
 11. Slow 1100mV 85C Model Minimum Pulse Width Summary
 12. Slow 1100mV 85C Model Metastability Summary
 13. Slow 1100mV 0C Model Fmax Summary
 14. Slow 1100mV 0C Model Setup Summary
 15. Slow 1100mV 0C Model Hold Summary
 16. Slow 1100mV 0C Model Recovery Summary
 17. Slow 1100mV 0C Model Removal Summary
 18. Slow 1100mV 0C Model Minimum Pulse Width Summary
 19. Slow 1100mV 0C Model Metastability Summary
 20. Fast 1100mV 85C Model Setup Summary
 21. Fast 1100mV 85C Model Hold Summary
 22. Fast 1100mV 85C Model Recovery Summary
 23. Fast 1100mV 85C Model Removal Summary
 24. Fast 1100mV 85C Model Minimum Pulse Width Summary
 25. Fast 1100mV 85C Model Metastability Summary
 26. Fast 1100mV 0C Model Setup Summary
 27. Fast 1100mV 0C Model Hold Summary
 28. Fast 1100mV 0C Model Recovery Summary
 29. Fast 1100mV 0C Model Removal Summary
 30. Fast 1100mV 0C Model Minimum Pulse Width Summary
 31. Fast 1100mV 0C Model Metastability Summary
 32. Multicorner Timing Analysis Summary
 33. Board Trace Model Assignments
 34. Input Transition Times
 35. Signal Integrity Metrics (Slow 1100mv 0c Model)
 36. Signal Integrity Metrics (Slow 1100mv 85c Model)
 37. Signal Integrity Metrics (Fast 1100mv 0c Model)
 38. Signal Integrity Metrics (Fast 1100mv 85c Model)
 39. Setup Transfers
 40. Hold Transfers
 41. Report TCCS
 42. Report RSKM
 43. Unconstrained Paths Summary
 44. Clock Status Summary
 45. Unconstrained Input Ports
 46. Unconstrained Output Ports
 47. Unconstrained Input Ports
 48. Unconstrained Output Ports
 49. Timing Analyzer Messages



----------------
; Legal Notice ;
----------------
Copyright (C) 2023  Intel Corporation. All rights reserved.
Your use of Intel Corporation's design tools, logic functions 
and other software and tools, and any partner logic 
functions, and any output files from any of the foregoing 
(including device programming or simulation files), and any 
associated documentation or information are expressly subject 
to the terms and conditions of the Intel Program License 
Subscription Agreement, the Intel Quartus Prime License Agreement,
the Intel FPGA IP License Agreement, or other applicable license
agreement, including, without limitation, that your use is for
the sole purpose of programming logic devices manufactured by
Intel and sold by Intel or its authorized distributors.  Please
refer to the applicable agreement for further details, at
https://fpgasoftware.intel.com/eula.



+--------------------------------------------------------------------------------+
; Timing Analyzer Summary                                                        ;
+-----------------------+--------------------------------------------------------+
; Quartus Prime Version ; Version 22.1std.2 Build 922 07/20/2023 SC Lite Edition ;
; Timing Analyzer       ; Legacy Timing Analyzer                                 ;
; Revision Name         ; MatrixLinearRegression                                 ;
; Device Family         ; Cyclone V                                              ;
; Device Name           ; 5CEBA4F23C7                                            ;
; Timing Models         ; Final                                                  ;
; Delay Model           ; Combined                                               ;
; Rise/Fall Delays      ; Enabled                                                ;
+-----------------------+--------------------------------------------------------+


+------------------------------------------+
; Parallel Compilation                     ;
+----------------------------+-------------+
; Processors                 ; Number      ;
+----------------------------+-------------+
; Number detected on machine ; 12          ;
; Maximum allowed            ; 6           ;
;                            ;             ;
; Average used               ; 3.61        ;
; Maximum used               ; 6           ;
;                            ;             ;
; Usage by Processor         ; % Time Used ;
;     Processor 1            ; 100.0%      ;
;     Processor 2            ;  66.3%      ;
;     Processor 3            ;  66.2%      ;
;     Processor 4            ;  66.1%      ;
;     Processor 5            ;  31.1%      ;
;     Processor 6            ;  31.1%      ;
+----------------------------+-------------+


+----------------------------------------------------------------------------------------------------------------------------------------------------------------------------------------------------------------------------------------------------------------+
; Clocks                                                                                                                                                                                                                                                         ;
+------------------------------------------------+------+--------+------------+-------+-------+------------+-----------+-------------+-------+--------+-----------+------------+----------+--------+--------+----------------------------------------------------+
; Clock Name                                     ; Type ; Period ; Frequency  ; Rise  ; Fall  ; Duty Cycle ; Divide by ; Multiply by ; Phase ; Offset ; Edge List ; Edge Shift ; Inverted ; Master ; Source ; Targets                                            ;
+------------------------------------------------+------+--------+------------+-------+-------+------------+-----------+-------------+-------+--------+-----------+------------+----------+--------+--------+----------------------------------------------------+
; clk                                            ; Base ; 1.000  ; 1000.0 MHz ; 0.000 ; 0.500 ;            ;           ;             ;       ;        ;           ;            ;          ;        ;        ; { clk }                                            ;
; SerialUartCommunication:uart_comm|rx_ready_aux ; Base ; 1.000  ; 1000.0 MHz ; 0.000 ; 0.500 ;            ;           ;             ;       ;        ;           ;            ;          ;        ;        ; { SerialUartCommunication:uart_comm|rx_ready_aux } ;
; SerialUartCommunication:uart_comm|tx_done      ; Base ; 1.000  ; 1000.0 MHz ; 0.000 ; 0.500 ;            ;           ;             ;       ;        ;           ;            ;          ;        ;        ; { SerialUartCommunication:uart_comm|tx_done }      ;
+------------------------------------------------+------+--------+------------+-------+-------+------------+-----------+-------------+-------+--------+-----------+------------+----------+--------+--------+----------------------------------------------------+


+--------------------------------------------------------------------------------------+
; Slow 1100mV 85C Model Fmax Summary                                                   ;
+------------+-----------------+------------------------------------------------+------+
; Fmax       ; Restricted Fmax ; Clock Name                                     ; Note ;
+------------+-----------------+------------------------------------------------+------+
; 9.48 MHz   ; 9.48 MHz        ; SerialUartCommunication:uart_comm|rx_ready_aux ;      ;
; 117.58 MHz ; 117.58 MHz      ; SerialUartCommunication:uart_comm|tx_done      ;      ;
; 152.42 MHz ; 152.42 MHz      ; clk                                            ;      ;
+------------+-----------------+------------------------------------------------+------+
This panel reports FMAX for every clock in the design, regardless of the user-specified clock periods.  FMAX is only computed for paths where the source and destination registers or ports are driven by the same clock.  Paths of different clocks, including generated clocks, are ignored.  For paths between a clock and its inversion, FMAX is computed as if the rising and falling edges are scaled along with FMAX, such that the duty cycle (in terms of a percentage) is maintained. Altera recommends that you always use clock constraints and other slack reports for sign-off analysis.


----------------------------------
; Timing Closure Recommendations ;
----------------------------------
HTML report is unavailable in plain text report export.


+---------------------------------------------------------------------------+
; Slow 1100mV 85C Model Setup Summary                                       ;
+------------------------------------------------+----------+---------------+
; Clock                                          ; Slack    ; End Point TNS ;
+------------------------------------------------+----------+---------------+
; SerialUartCommunication:uart_comm|tx_done      ; -420.390 ; -4130.779     ;
; SerialUartCommunication:uart_comm|rx_ready_aux ; -104.510 ; -20487.043    ;
; clk                                            ; -5.561   ; -154.265      ;
+------------------------------------------------+----------+---------------+


+------------------------------------------------------------------------+
; Slow 1100mV 85C Model Hold Summary                                     ;
+------------------------------------------------+-------+---------------+
; Clock                                          ; Slack ; End Point TNS ;
+------------------------------------------------+-------+---------------+
; SerialUartCommunication:uart_comm|rx_ready_aux ; 0.324 ; 0.000         ;
; SerialUartCommunication:uart_comm|tx_done      ; 0.333 ; 0.000         ;
; clk                                            ; 0.455 ; 0.000         ;
+------------------------------------------------+-------+---------------+


------------------------------------------
; Slow 1100mV 85C Model Recovery Summary ;
------------------------------------------
No paths to report.


-----------------------------------------
; Slow 1100mV 85C Model Removal Summary ;
-----------------------------------------
No paths to report.


+-------------------------------------------------------------------------+
; Slow 1100mV 85C Model Minimum Pulse Width Summary                       ;
+------------------------------------------------+--------+---------------+
; Clock                                          ; Slack  ; End Point TNS ;
+------------------------------------------------+--------+---------------+
; SerialUartCommunication:uart_comm|rx_ready_aux ; -0.649 ; -275.078      ;
; clk                                            ; -0.587 ; -49.376       ;
; SerialUartCommunication:uart_comm|tx_done      ; -0.538 ; -129.114      ;
+------------------------------------------------+--------+---------------+


-----------------------------------------------
; Slow 1100mV 85C Model Metastability Summary ;
-----------------------------------------------
Design MTBF is not calculated because the design doesn't meet its timing requirements.



+--------------------------------------------------------------------------------------+
; Slow 1100mV 0C Model Fmax Summary                                                    ;
+------------+-----------------+------------------------------------------------+------+
; Fmax       ; Restricted Fmax ; Clock Name                                     ; Note ;
+------------+-----------------+------------------------------------------------+------+
; 9.39 MHz   ; 9.39 MHz        ; SerialUartCommunication:uart_comm|rx_ready_aux ;      ;
; 119.47 MHz ; 119.47 MHz      ; SerialUartCommunication:uart_comm|tx_done      ;      ;
; 152.0 MHz  ; 152.0 MHz       ; clk                                            ;      ;
+------------+-----------------+------------------------------------------------+------+
This panel reports FMAX for every clock in the design, regardless of the user-specified clock periods.  FMAX is only computed for paths where the source and destination registers or ports are driven by the same clock.  Paths of different clocks, including generated clocks, are ignored.  For paths between a clock and its inversion, FMAX is computed as if the rising and falling edges are scaled along with FMAX, such that the duty cycle (in terms of a percentage) is maintained. Altera recommends that you always use clock constraints and other slack reports for sign-off analysis.


+---------------------------------------------------------------------------+
; Slow 1100mV 0C Model Setup Summary                                        ;
+------------------------------------------------+----------+---------------+
; Clock                                          ; Slack    ; End Point TNS ;
+------------------------------------------------+----------+---------------+
; SerialUartCommunication:uart_comm|tx_done      ; -439.956 ; -4287.345     ;
; SerialUartCommunication:uart_comm|rx_ready_aux ; -105.550 ; -20701.447    ;
; clk                                            ; -5.579   ; -148.030      ;
+------------------------------------------------+----------+---------------+


+------------------------------------------------------------------------+
; Slow 1100mV 0C Model Hold Summary                                      ;
+------------------------------------------------+-------+---------------+
; Clock                                          ; Slack ; End Point TNS ;
+------------------------------------------------+-------+---------------+
; clk                                            ; 0.185 ; 0.000         ;
; SerialUartCommunication:uart_comm|rx_ready_aux ; 0.338 ; 0.000         ;
; SerialUartCommunication:uart_comm|tx_done      ; 0.338 ; 0.000         ;
+------------------------------------------------+-------+---------------+


-----------------------------------------
; Slow 1100mV 0C Model Recovery Summary ;
-----------------------------------------
No paths to report.


----------------------------------------
; Slow 1100mV 0C Model Removal Summary ;
----------------------------------------
No paths to report.


+-------------------------------------------------------------------------+
; Slow 1100mV 0C Model Minimum Pulse Width Summary                        ;
+------------------------------------------------+--------+---------------+
; Clock                                          ; Slack  ; End Point TNS ;
+------------------------------------------------+--------+---------------+
; SerialUartCommunication:uart_comm|rx_ready_aux ; -0.659 ; -277.439      ;
; clk                                            ; -0.616 ; -50.419       ;
; SerialUartCommunication:uart_comm|tx_done      ; -0.538 ; -128.049      ;
+------------------------------------------------+--------+---------------+


----------------------------------------------
; Slow 1100mV 0C Model Metastability Summary ;
----------------------------------------------
Design MTBF is not calculated because the design doesn't meet its timing requirements.



+---------------------------------------------------------------------------+
; Fast 1100mV 85C Model Setup Summary                                       ;
+------------------------------------------------+----------+---------------+
; Clock                                          ; Slack    ; End Point TNS ;
+------------------------------------------------+----------+---------------+
; SerialUartCommunication:uart_comm|tx_done      ; -200.105 ; -1932.231     ;
; SerialUartCommunication:uart_comm|rx_ready_aux ; -52.523  ; -10260.109    ;
; clk                                            ; -3.088   ; -57.620       ;
+------------------------------------------------+----------+---------------+


+------------------------------------------------------------------------+
; Fast 1100mV 85C Model Hold Summary                                     ;
+------------------------------------------------+-------+---------------+
; Clock                                          ; Slack ; End Point TNS ;
+------------------------------------------------+-------+---------------+
; SerialUartCommunication:uart_comm|rx_ready_aux ; 0.085 ; 0.000         ;
; SerialUartCommunication:uart_comm|tx_done      ; 0.101 ; 0.000         ;
; clk                                            ; 0.122 ; 0.000         ;
+------------------------------------------------+-------+---------------+


------------------------------------------
; Fast 1100mV 85C Model Recovery Summary ;
------------------------------------------
No paths to report.


-----------------------------------------
; Fast 1100mV 85C Model Removal Summary ;
-----------------------------------------
No paths to report.


+-------------------------------------------------------------------------+
; Fast 1100mV 85C Model Minimum Pulse Width Summary                       ;
+------------------------------------------------+--------+---------------+
; Clock                                          ; Slack  ; End Point TNS ;
+------------------------------------------------+--------+---------------+
; clk                                            ; -0.553 ; -6.972        ;
; SerialUartCommunication:uart_comm|rx_ready_aux ; -0.270 ; -32.883       ;
; SerialUartCommunication:uart_comm|tx_done      ; -0.144 ; -6.919        ;
+------------------------------------------------+--------+---------------+


-----------------------------------------------
; Fast 1100mV 85C Model Metastability Summary ;
-----------------------------------------------
Design MTBF is not calculated because the design doesn't meet its timing requirements.



+---------------------------------------------------------------------------+
; Fast 1100mV 0C Model Setup Summary                                        ;
+------------------------------------------------+----------+---------------+
; Clock                                          ; Slack    ; End Point TNS ;
+------------------------------------------------+----------+---------------+
; SerialUartCommunication:uart_comm|tx_done      ; -189.258 ; -1811.986     ;
; SerialUartCommunication:uart_comm|rx_ready_aux ; -48.429  ; -9458.775     ;
; clk                                            ; -2.754   ; -46.015       ;
+------------------------------------------------+----------+---------------+


+-------------------------------------------------------------------------+
; Fast 1100mV 0C Model Hold Summary                                       ;
+------------------------------------------------+--------+---------------+
; Clock                                          ; Slack  ; End Point TNS ;
+------------------------------------------------+--------+---------------+
; clk                                            ; -0.152 ; -0.830        ;
; SerialUartCommunication:uart_comm|rx_ready_aux ; 0.074  ; 0.000         ;
; SerialUartCommunication:uart_comm|tx_done      ; 0.086  ; 0.000         ;
+------------------------------------------------+--------+---------------+


-----------------------------------------
; Fast 1100mV 0C Model Recovery Summary ;
-----------------------------------------
No paths to report.


----------------------------------------
; Fast 1100mV 0C Model Removal Summary ;
----------------------------------------
No paths to report.


+-------------------------------------------------------------------------+
; Fast 1100mV 0C Model Minimum Pulse Width Summary                        ;
+------------------------------------------------+--------+---------------+
; Clock                                          ; Slack  ; End Point TNS ;
+------------------------------------------------+--------+---------------+
; clk                                            ; -0.531 ; -6.958        ;
; SerialUartCommunication:uart_comm|rx_ready_aux ; -0.191 ; -21.524       ;
; SerialUartCommunication:uart_comm|tx_done      ; -0.079 ; -3.294        ;
+------------------------------------------------+--------+---------------+


----------------------------------------------
; Fast 1100mV 0C Model Metastability Summary ;
----------------------------------------------
Design MTBF is not calculated because the design doesn't meet its timing requirements.



+------------------------------------------------------------------------------------------------------------------+
; Multicorner Timing Analysis Summary                                                                              ;
+-------------------------------------------------+------------+--------+----------+---------+---------------------+
; Clock                                           ; Setup      ; Hold   ; Recovery ; Removal ; Minimum Pulse Width ;
+-------------------------------------------------+------------+--------+----------+---------+---------------------+
; Worst-case Slack                                ; -439.956   ; -0.152 ; N/A      ; N/A     ; -0.659              ;
;  SerialUartCommunication:uart_comm|rx_ready_aux ; -105.550   ; 0.074  ; N/A      ; N/A     ; -0.659              ;
;  SerialUartCommunication:uart_comm|tx_done      ; -439.956   ; 0.086  ; N/A      ; N/A     ; -0.538              ;
;  clk                                            ; -5.579     ; -0.152 ; N/A      ; N/A     ; -0.616              ;
; Design-wide TNS                                 ; -25136.822 ; -0.83  ; 0.0      ; 0.0     ; -455.907            ;
;  SerialUartCommunication:uart_comm|rx_ready_aux ; -20701.447 ; 0.000  ; N/A      ; N/A     ; -277.439            ;
;  SerialUartCommunication:uart_comm|tx_done      ; -4287.345  ; 0.000  ; N/A      ; N/A     ; -129.114            ;
;  clk                                            ; -154.265   ; -0.830 ; N/A      ; N/A     ; -50.419             ;
+-------------------------------------------------+------------+--------+----------+---------+---------------------+


+--------------------------------------------------------------------------------------------------------------------------------------------------------------------------------------------------------------------------------------------------------------------------------------------------------------------------------------------------------------------------------------------------------+
; Board Trace Model Assignments                                                                                                                                                                                                                                                                                                                                                                          ;
+-----+--------------+-------------------+-------------------------+-------------------------+---------------+---------------------+----------------+------------------+--------+------------------+------------------------+------------------------+--------------+---------------+-----------------+-------+---------------------+--------------------+---------------+-----------------+-------------+
; Pin ; I/O Standard ; Near Tline Length ; Near Tline L per Length ; Near Tline C per Length ; Near Series R ; Near Differential R ; Near Pull-up R ; Near Pull-down R ; Near C ; Far Tline Length ; Far Tline L per Length ; Far Tline C per Length ; Far Series R ; Far Pull-up R ; Far Pull-down R ; Far C ; Termination Voltage ; Far Differential R ; EBD File Name ; EBD Signal Name ; EBD Far-end ;
+-----+--------------+-------------------+-------------------------+-------------------------+---------------+---------------------+----------------+------------------+--------+------------------+------------------------+------------------------+--------------+---------------+-----------------+-------+---------------------+--------------------+---------------+-----------------+-------------+
; tx  ; 2.5 V        ; 0 in              ; 0 H/in                  ; 0 F/in                  ; short         ; -                   ; open           ; open             ; open   ; 0 in             ; 0 H/in                 ; 0 F/in                 ; short        ; open          ; open            ; open  ; 0 V                 ; -                  ; n/a           ; n/a             ; n/a         ;
+-----+--------------+-------------------+-------------------------+-------------------------+---------------+---------------------+----------------+------------------+--------+------------------+------------------------+------------------------+--------------+---------------+-----------------+-------+---------------------+--------------------+---------------+-----------------+-------------+


+----------------------------------------------------------------------+
; Input Transition Times                                               ;
+-------------------+--------------+-----------------+-----------------+
; Pin               ; I/O Standard ; 10-90 Rise Time ; 90-10 Fall Time ;
+-------------------+--------------+-----------------+-----------------+
; clk               ; 2.5 V        ; 2000 ps         ; 2000 ps         ;
; reset             ; 2.5 V        ; 2000 ps         ; 2000 ps         ;
; init_transmission ; 2.5 V        ; 2000 ps         ; 2000 ps         ;
; rx                ; 2.5 V        ; 2000 ps         ; 2000 ps         ;
+-------------------+--------------+-----------------+-----------------+


+----------------------------------------------------------------------------------------------------------------------------------------------------------------------------------------------------------------------------------------------------------------------------------------------------------------------------------------------------------------------------------------------------------------------------------------------------------------------------------------------------------------------------------------------------------------------------------------------------------------------------------------------------------------------------------+
; Signal Integrity Metrics (Slow 1100mv 0c Model)                                                                                                                                                                                                                                                                                                                                                                                                                                                                                                                                                                                                                                  ;
+-----+--------------+---------------------+---------------------+------------------------------+------------------------------+---------------------+---------------------+--------------------------------------+--------------------------------------+-----------------------------+-----------------------------+----------------------------+----------------------------+-----------------------------+-----------------------------+--------------------+--------------------+-------------------------------------+-------------------------------------+----------------------------+----------------------------+---------------------------+---------------------------+
; Pin ; I/O Standard ; Board Delay on Rise ; Board Delay on Fall ; Steady State Voh at FPGA Pin ; Steady State Vol at FPGA Pin ; Voh Max at FPGA Pin ; Vol Min at FPGA Pin ; Ringback Voltage on Rise at FPGA Pin ; Ringback Voltage on Fall at FPGA Pin ; 10-90 Rise Time at FPGA Pin ; 90-10 Fall Time at FPGA Pin ; Monotonic Rise at FPGA Pin ; Monotonic Fall at FPGA Pin ; Steady State Voh at Far-end ; Steady State Vol at Far-end ; Voh Max at Far-end ; Vol Min at Far-end ; Ringback Voltage on Rise at Far-end ; Ringback Voltage on Fall at Far-end ; 10-90 Rise Time at Far-end ; 90-10 Fall Time at Far-end ; Monotonic Rise at Far-end ; Monotonic Fall at Far-end ;
+-----+--------------+---------------------+---------------------+------------------------------+------------------------------+---------------------+---------------------+--------------------------------------+--------------------------------------+-----------------------------+-----------------------------+----------------------------+----------------------------+-----------------------------+-----------------------------+--------------------+--------------------+-------------------------------------+-------------------------------------+----------------------------+----------------------------+---------------------------+---------------------------+
; tx  ; 2.5 V        ; 0 s                 ; 0 s                 ; 2.32 V                       ; 1.88e-07 V                   ; 2.35 V              ; -0.0185 V           ; 0.153 V                              ; 0.099 V                              ; 4.6e-10 s                   ; 4.48e-10 s                  ; No                         ; Yes                        ; 2.32 V                      ; 1.88e-07 V                  ; 2.35 V             ; -0.0185 V          ; 0.153 V                             ; 0.099 V                             ; 4.6e-10 s                  ; 4.48e-10 s                 ; No                        ; Yes                       ;
+-----+--------------+---------------------+---------------------+------------------------------+------------------------------+---------------------+---------------------+--------------------------------------+--------------------------------------+-----------------------------+-----------------------------+----------------------------+----------------------------+-----------------------------+-----------------------------+--------------------+--------------------+-------------------------------------+-------------------------------------+----------------------------+----------------------------+---------------------------+---------------------------+


+----------------------------------------------------------------------------------------------------------------------------------------------------------------------------------------------------------------------------------------------------------------------------------------------------------------------------------------------------------------------------------------------------------------------------------------------------------------------------------------------------------------------------------------------------------------------------------------------------------------------------------------------------------------------------------+
; Signal Integrity Metrics (Slow 1100mv 85c Model)                                                                                                                                                                                                                                                                                                                                                                                                                                                                                                                                                                                                                                 ;
+-----+--------------+---------------------+---------------------+------------------------------+------------------------------+---------------------+---------------------+--------------------------------------+--------------------------------------+-----------------------------+-----------------------------+----------------------------+----------------------------+-----------------------------+-----------------------------+--------------------+--------------------+-------------------------------------+-------------------------------------+----------------------------+----------------------------+---------------------------+---------------------------+
; Pin ; I/O Standard ; Board Delay on Rise ; Board Delay on Fall ; Steady State Voh at FPGA Pin ; Steady State Vol at FPGA Pin ; Voh Max at FPGA Pin ; Vol Min at FPGA Pin ; Ringback Voltage on Rise at FPGA Pin ; Ringback Voltage on Fall at FPGA Pin ; 10-90 Rise Time at FPGA Pin ; 90-10 Fall Time at FPGA Pin ; Monotonic Rise at FPGA Pin ; Monotonic Fall at FPGA Pin ; Steady State Voh at Far-end ; Steady State Vol at Far-end ; Voh Max at Far-end ; Vol Min at Far-end ; Ringback Voltage on Rise at Far-end ; Ringback Voltage on Fall at Far-end ; 10-90 Rise Time at Far-end ; 90-10 Fall Time at Far-end ; Monotonic Rise at Far-end ; Monotonic Fall at Far-end ;
+-----+--------------+---------------------+---------------------+------------------------------+------------------------------+---------------------+---------------------+--------------------------------------+--------------------------------------+-----------------------------+-----------------------------+----------------------------+----------------------------+-----------------------------+-----------------------------+--------------------+--------------------+-------------------------------------+-------------------------------------+----------------------------+----------------------------+---------------------------+---------------------------+
; tx  ; 2.5 V        ; 0 s                 ; 0 s                 ; 2.32 V                       ; 2.27e-05 V                   ; 2.34 V              ; -0.0089 V           ; 0.206 V                              ; 0.058 V                              ; 4.97e-10 s                  ; 5.13e-10 s                  ; Yes                        ; Yes                        ; 2.32 V                      ; 2.27e-05 V                  ; 2.34 V             ; -0.0089 V          ; 0.206 V                             ; 0.058 V                             ; 4.97e-10 s                 ; 5.13e-10 s                 ; Yes                       ; Yes                       ;
+-----+--------------+---------------------+---------------------+------------------------------+------------------------------+---------------------+---------------------+--------------------------------------+--------------------------------------+-----------------------------+-----------------------------+----------------------------+----------------------------+-----------------------------+-----------------------------+--------------------+--------------------+-------------------------------------+-------------------------------------+----------------------------+----------------------------+---------------------------+---------------------------+


+----------------------------------------------------------------------------------------------------------------------------------------------------------------------------------------------------------------------------------------------------------------------------------------------------------------------------------------------------------------------------------------------------------------------------------------------------------------------------------------------------------------------------------------------------------------------------------------------------------------------------------------------------------------------------------+
; Signal Integrity Metrics (Fast 1100mv 0c Model)                                                                                                                                                                                                                                                                                                                                                                                                                                                                                                                                                                                                                                  ;
+-----+--------------+---------------------+---------------------+------------------------------+------------------------------+---------------------+---------------------+--------------------------------------+--------------------------------------+-----------------------------+-----------------------------+----------------------------+----------------------------+-----------------------------+-----------------------------+--------------------+--------------------+-------------------------------------+-------------------------------------+----------------------------+----------------------------+---------------------------+---------------------------+
; Pin ; I/O Standard ; Board Delay on Rise ; Board Delay on Fall ; Steady State Voh at FPGA Pin ; Steady State Vol at FPGA Pin ; Voh Max at FPGA Pin ; Vol Min at FPGA Pin ; Ringback Voltage on Rise at FPGA Pin ; Ringback Voltage on Fall at FPGA Pin ; 10-90 Rise Time at FPGA Pin ; 90-10 Fall Time at FPGA Pin ; Monotonic Rise at FPGA Pin ; Monotonic Fall at FPGA Pin ; Steady State Voh at Far-end ; Steady State Vol at Far-end ; Voh Max at Far-end ; Vol Min at Far-end ; Ringback Voltage on Rise at Far-end ; Ringback Voltage on Fall at Far-end ; 10-90 Rise Time at Far-end ; 90-10 Fall Time at Far-end ; Monotonic Rise at Far-end ; Monotonic Fall at Far-end ;
+-----+--------------+---------------------+---------------------+------------------------------+------------------------------+---------------------+---------------------+--------------------------------------+--------------------------------------+-----------------------------+-----------------------------+----------------------------+----------------------------+-----------------------------+-----------------------------+--------------------+--------------------+-------------------------------------+-------------------------------------+----------------------------+----------------------------+---------------------------+---------------------------+
; tx  ; 2.5 V        ; 0 s                 ; 0 s                 ; 2.75 V                       ; 3.54e-06 V                   ; 2.81 V              ; -0.0578 V           ; 0.303 V                              ; 0.28 V                               ; 2.93e-10 s                  ; 3.01e-10 s                  ; No                         ; No                         ; 2.75 V                      ; 3.54e-06 V                  ; 2.81 V             ; -0.0578 V          ; 0.303 V                             ; 0.28 V                              ; 2.93e-10 s                 ; 3.01e-10 s                 ; No                        ; No                        ;
+-----+--------------+---------------------+---------------------+------------------------------+------------------------------+---------------------+---------------------+--------------------------------------+--------------------------------------+-----------------------------+-----------------------------+----------------------------+----------------------------+-----------------------------+-----------------------------+--------------------+--------------------+-------------------------------------+-------------------------------------+----------------------------+----------------------------+---------------------------+---------------------------+


+----------------------------------------------------------------------------------------------------------------------------------------------------------------------------------------------------------------------------------------------------------------------------------------------------------------------------------------------------------------------------------------------------------------------------------------------------------------------------------------------------------------------------------------------------------------------------------------------------------------------------------------------------------------------------------+
; Signal Integrity Metrics (Fast 1100mv 85c Model)                                                                                                                                                                                                                                                                                                                                                                                                                                                                                                                                                                                                                                 ;
+-----+--------------+---------------------+---------------------+------------------------------+------------------------------+---------------------+---------------------+--------------------------------------+--------------------------------------+-----------------------------+-----------------------------+----------------------------+----------------------------+-----------------------------+-----------------------------+--------------------+--------------------+-------------------------------------+-------------------------------------+----------------------------+----------------------------+---------------------------+---------------------------+
; Pin ; I/O Standard ; Board Delay on Rise ; Board Delay on Fall ; Steady State Voh at FPGA Pin ; Steady State Vol at FPGA Pin ; Voh Max at FPGA Pin ; Vol Min at FPGA Pin ; Ringback Voltage on Rise at FPGA Pin ; Ringback Voltage on Fall at FPGA Pin ; 10-90 Rise Time at FPGA Pin ; 90-10 Fall Time at FPGA Pin ; Monotonic Rise at FPGA Pin ; Monotonic Fall at FPGA Pin ; Steady State Voh at Far-end ; Steady State Vol at Far-end ; Voh Max at Far-end ; Vol Min at Far-end ; Ringback Voltage on Rise at Far-end ; Ringback Voltage on Fall at Far-end ; 10-90 Rise Time at Far-end ; 90-10 Fall Time at Far-end ; Monotonic Rise at Far-end ; Monotonic Fall at Far-end ;
+-----+--------------+---------------------+---------------------+------------------------------+------------------------------+---------------------+---------------------+--------------------------------------+--------------------------------------+-----------------------------+-----------------------------+----------------------------+----------------------------+-----------------------------+-----------------------------+--------------------+--------------------+-------------------------------------+-------------------------------------+----------------------------+----------------------------+---------------------------+---------------------------+
; tx  ; 2.5 V        ; 0 s                 ; 0 s                 ; 2.75 V                       ; 0.000213 V                   ; 2.79 V              ; -0.0324 V           ; 0.139 V                              ; 0.119 V                              ; 4.42e-10 s                  ; 4.33e-10 s                  ; No                         ; Yes                        ; 2.75 V                      ; 0.000213 V                  ; 2.79 V             ; -0.0324 V          ; 0.139 V                             ; 0.119 V                             ; 4.42e-10 s                 ; 4.33e-10 s                 ; No                        ; Yes                       ;
+-----+--------------+---------------------+---------------------+------------------------------+------------------------------+---------------------+---------------------+--------------------------------------+--------------------------------------+-----------------------------+-----------------------------+----------------------------+----------------------------+-----------------------------+-----------------------------+--------------------+--------------------+-------------------------------------+-------------------------------------+----------------------------+----------------------------+---------------------------+---------------------------+


+-------------------------------------------------------------------------------------------------------------------------------------------------+
; Setup Transfers                                                                                                                                 ;
+------------------------------------------------+------------------------------------------------+--------------+----------+----------+----------+
; From Clock                                     ; To Clock                                       ; RR Paths     ; FR Paths ; RF Paths ; FF Paths ;
+------------------------------------------------+------------------------------------------------+--------------+----------+----------+----------+
; clk                                            ; clk                                            ; 565          ; 0        ; 0        ; 0        ;
; SerialUartCommunication:uart_comm|rx_ready_aux ; clk                                            ; 1            ; 1        ; 0        ; 0        ;
; SerialUartCommunication:uart_comm|tx_done      ; clk                                            ; 9            ; 1        ; 0        ; 0        ;
; clk                                            ; SerialUartCommunication:uart_comm|rx_ready_aux ; 112          ; 0        ; 0        ; 0        ;
; SerialUartCommunication:uart_comm|rx_ready_aux ; SerialUartCommunication:uart_comm|rx_ready_aux ; > 2147483647 ; 0        ; 0        ; 0        ;
; SerialUartCommunication:uart_comm|rx_ready_aux ; SerialUartCommunication:uart_comm|tx_done      ; > 2147483647 ; 0        ; 0        ; 0        ;
; SerialUartCommunication:uart_comm|tx_done      ; SerialUartCommunication:uart_comm|tx_done      ; 111288       ; 0        ; 0        ; 0        ;
+------------------------------------------------+------------------------------------------------+--------------+----------+----------+----------+
Entries labeled "false path" only account for clock-to-clock false paths and not path-based false paths. As a result, actual path counts may be lower than reported.


+-------------------------------------------------------------------------------------------------------------------------------------------------+
; Hold Transfers                                                                                                                                  ;
+------------------------------------------------+------------------------------------------------+--------------+----------+----------+----------+
; From Clock                                     ; To Clock                                       ; RR Paths     ; FR Paths ; RF Paths ; FF Paths ;
+------------------------------------------------+------------------------------------------------+--------------+----------+----------+----------+
; clk                                            ; clk                                            ; 565          ; 0        ; 0        ; 0        ;
; SerialUartCommunication:uart_comm|rx_ready_aux ; clk                                            ; 1            ; 1        ; 0        ; 0        ;
; SerialUartCommunication:uart_comm|tx_done      ; clk                                            ; 9            ; 1        ; 0        ; 0        ;
; clk                                            ; SerialUartCommunication:uart_comm|rx_ready_aux ; 112          ; 0        ; 0        ; 0        ;
; SerialUartCommunication:uart_comm|rx_ready_aux ; SerialUartCommunication:uart_comm|rx_ready_aux ; > 2147483647 ; 0        ; 0        ; 0        ;
; SerialUartCommunication:uart_comm|rx_ready_aux ; SerialUartCommunication:uart_comm|tx_done      ; > 2147483647 ; 0        ; 0        ; 0        ;
; SerialUartCommunication:uart_comm|tx_done      ; SerialUartCommunication:uart_comm|tx_done      ; 111288       ; 0        ; 0        ; 0        ;
+------------------------------------------------+------------------------------------------------+--------------+----------+----------+----------+
Entries labeled "false path" only account for clock-to-clock false paths and not path-based false paths. As a result, actual path counts may be lower than reported.


---------------
; Report TCCS ;
---------------
No dedicated SERDES Transmitter circuitry present in device or used in design


---------------
; Report RSKM ;
---------------
No non-DPA dedicated SERDES Receiver circuitry present in device or used in design


+------------------------------------------------+
; Unconstrained Paths Summary                    ;
+---------------------------------+-------+------+
; Property                        ; Setup ; Hold ;
+---------------------------------+-------+------+
; Illegal Clocks                  ; 0     ; 0    ;
; Unconstrained Clocks            ; 0     ; 0    ;
; Unconstrained Input Ports       ; 3     ; 3    ;
; Unconstrained Input Port Paths  ; 511   ; 511  ;
; Unconstrained Output Ports      ; 1     ; 1    ;
; Unconstrained Output Port Paths ; 1     ; 1    ;
+---------------------------------+-------+------+


+----------------------------------------------------------------------------------------------------------------------+
; Clock Status Summary                                                                                                 ;
+------------------------------------------------+------------------------------------------------+------+-------------+
; Target                                         ; Clock                                          ; Type ; Status      ;
+------------------------------------------------+------------------------------------------------+------+-------------+
; SerialUartCommunication:uart_comm|rx_ready_aux ; SerialUartCommunication:uart_comm|rx_ready_aux ; Base ; Constrained ;
; SerialUartCommunication:uart_comm|tx_done      ; SerialUartCommunication:uart_comm|tx_done      ; Base ; Constrained ;
; clk                                            ; clk                                            ; Base ; Constrained ;
+------------------------------------------------+------------------------------------------------+------+-------------+


+----------------------------------------------------------------------------------------------------------+
; Unconstrained Input Ports                                                                                ;
+-------------------+--------------------------------------------------------------------------------------+
; Input Port        ; Comment                                                                              ;
+-------------------+--------------------------------------------------------------------------------------+
; init_transmission ; No input delay, min/max delays, false-path exceptions, or max skew assignments found ;
; reset             ; No input delay, min/max delays, false-path exceptions, or max skew assignments found ;
; rx                ; No input delay, min/max delays, false-path exceptions, or max skew assignments found ;
+-------------------+--------------------------------------------------------------------------------------+


+-----------------------------------------------------------------------------------------------------+
; Unconstrained Output Ports                                                                          ;
+-------------+---------------------------------------------------------------------------------------+
; Output Port ; Comment                                                                               ;
+-------------+---------------------------------------------------------------------------------------+
; tx          ; No output delay, min/max delays, false-path exceptions, or max skew assignments found ;
+-------------+---------------------------------------------------------------------------------------+


+----------------------------------------------------------------------------------------------------------+
; Unconstrained Input Ports                                                                                ;
+-------------------+--------------------------------------------------------------------------------------+
; Input Port        ; Comment                                                                              ;
+-------------------+--------------------------------------------------------------------------------------+
; init_transmission ; No input delay, min/max delays, false-path exceptions, or max skew assignments found ;
; reset             ; No input delay, min/max delays, false-path exceptions, or max skew assignments found ;
; rx                ; No input delay, min/max delays, false-path exceptions, or max skew assignments found ;
+-------------------+--------------------------------------------------------------------------------------+


+-----------------------------------------------------------------------------------------------------+
; Unconstrained Output Ports                                                                          ;
+-------------+---------------------------------------------------------------------------------------+
; Output Port ; Comment                                                                               ;
+-------------+---------------------------------------------------------------------------------------+
; tx          ; No output delay, min/max delays, false-path exceptions, or max skew assignments found ;
+-------------+---------------------------------------------------------------------------------------+


+--------------------------+
; Timing Analyzer Messages ;
+--------------------------+
Info: *******************************************************************
Info: Running Quartus Prime Timing Analyzer
    Info: Version 22.1std.2 Build 922 07/20/2023 SC Lite Edition
    Info: Processing started: Tue Dec  5 16:35:51 2023
Info: Command: quartus_sta MatrixLinearRegression -c MatrixLinearRegression
Info: qsta_default_script.tcl version: #1
Info (20030): Parallel compilation is enabled and will use 6 of the 6 processors detected
Info (21077): Low junction temperature is 0 degrees C
Info (21077): High junction temperature is 85 degrees C
Critical Warning (332012): Synopsys Design Constraints File file not found: 'MatrixLinearRegression.sdc'. A Synopsys Design Constraints File is required by the Timing Analyzer to get proper timing constraints. Without it, the Compiler will not properly optimize the design.
Info (332142): No user constrained base clocks found in the design. Calling "derive_clocks -period 1.0"
Info (332105): Deriving Clocks
    Info (332105): create_clock -period 1.000 -name clk clk
    Info (332105): create_clock -period 1.000 -name SerialUartCommunication:uart_comm|tx_done SerialUartCommunication:uart_comm|tx_done
    Info (332105): create_clock -period 1.000 -name SerialUartCommunication:uart_comm|rx_ready_aux SerialUartCommunication:uart_comm|rx_ready_aux
Info (332143): No user constrained clock uncertainty found in the design. Calling "derive_clock_uncertainty"
Info (332123): Deriving Clock Uncertainty. Please refer to report_sdc in the Timing Analyzer to see clock uncertainties.
Info: Found TIMING_ANALYZER_REPORT_SCRIPT_INCLUDE_DEFAULT_ANALYSIS = ON
Info: Analyzing Slow 1100mV 85C Model
Critical Warning (332148): Timing requirements not met
    Info (11105): For recommendations on closing timing, run Report Timing Closure Recommendations in the Timing Analyzer.
Info (332146): Worst-case setup slack is -420.390
    Info (332119):     Slack       End Point TNS Clock 
    Info (332119): ========= =================== =====================
    Info (332119):  -420.390           -4130.779 SerialUartCommunication:uart_comm|tx_done 
    Info (332119):  -104.510          -20487.043 SerialUartCommunication:uart_comm|rx_ready_aux 
    Info (332119):    -5.561            -154.265 clk 
Info (332146): Worst-case hold slack is 0.324
    Info (332119):     Slack       End Point TNS Clock 
    Info (332119): ========= =================== =====================
    Info (332119):     0.324               0.000 SerialUartCommunication:uart_comm|rx_ready_aux 
    Info (332119):     0.333               0.000 SerialUartCommunication:uart_comm|tx_done 
    Info (332119):     0.455               0.000 clk 
Info (332140): No Recovery paths to report
Info (332140): No Removal paths to report
Info (332146): Worst-case minimum pulse width slack is -0.649
    Info (332119):     Slack       End Point TNS Clock 
    Info (332119): ========= =================== =====================
    Info (332119):    -0.649            -275.078 SerialUartCommunication:uart_comm|rx_ready_aux 
    Info (332119):    -0.587             -49.376 clk 
    Info (332119):    -0.538            -129.114 SerialUartCommunication:uart_comm|tx_done 
Info (332114): Report Metastability: Found 2 synchronizer chains.
    Info (332114): Design MTBF is not calculated because the design doesn't meet its timing requirements.
Info: Analyzing Slow 1100mV 0C Model
Info (334003): Started post-fitting delay annotation
Info (334004): Delay annotation completed successfully
Info (332123): Deriving Clock Uncertainty. Please refer to report_sdc in the Timing Analyzer to see clock uncertainties.
Critical Warning (332148): Timing requirements not met
    Info (11105): For recommendations on closing timing, run Report Timing Closure Recommendations in the Timing Analyzer.
Info (332146): Worst-case setup slack is -439.956
    Info (332119):     Slack       End Point TNS Clock 
    Info (332119): ========= =================== =====================
    Info (332119):  -439.956           -4287.345 SerialUartCommunication:uart_comm|tx_done 
    Info (332119):  -105.550          -20701.447 SerialUartCommunication:uart_comm|rx_ready_aux 
    Info (332119):    -5.579            -148.030 clk 
Info (332146): Worst-case hold slack is 0.185
    Info (332119):     Slack       End Point TNS Clock 
    Info (332119): ========= =================== =====================
    Info (332119):     0.185               0.000 clk 
    Info (332119):     0.338               0.000 SerialUartCommunication:uart_comm|rx_ready_aux 
    Info (332119):     0.338               0.000 SerialUartCommunication:uart_comm|tx_done 
Info (332140): No Recovery paths to report
Info (332140): No Removal paths to report
Info (332146): Worst-case minimum pulse width slack is -0.659
    Info (332119):     Slack       End Point TNS Clock 
    Info (332119): ========= =================== =====================
    Info (332119):    -0.659            -277.439 SerialUartCommunication:uart_comm|rx_ready_aux 
    Info (332119):    -0.616             -50.419 clk 
    Info (332119):    -0.538            -128.049 SerialUartCommunication:uart_comm|tx_done 
Info (332114): Report Metastability: Found 2 synchronizer chains.
    Info (332114): Design MTBF is not calculated because the design doesn't meet its timing requirements.
Info: Analyzing Fast 1100mV 85C Model
Info (334003): Started post-fitting delay annotation
Info (334004): Delay annotation completed successfully
Info (332123): Deriving Clock Uncertainty. Please refer to report_sdc in the Timing Analyzer to see clock uncertainties.
Critical Warning (332148): Timing requirements not met
    Info (11105): For recommendations on closing timing, run Report Timing Closure Recommendations in the Timing Analyzer.
Info (332146): Worst-case setup slack is -200.105
    Info (332119):     Slack       End Point TNS Clock 
    Info (332119): ========= =================== =====================
    Info (332119):  -200.105           -1932.231 SerialUartCommunication:uart_comm|tx_done 
    Info (332119):   -52.523          -10260.109 SerialUartCommunication:uart_comm|rx_ready_aux 
    Info (332119):    -3.088             -57.620 clk 
Info (332146): Worst-case hold slack is 0.085
    Info (332119):     Slack       End Point TNS Clock 
    Info (332119): ========= =================== =====================
    Info (332119):     0.085               0.000 SerialUartCommunication:uart_comm|rx_ready_aux 
    Info (332119):     0.101               0.000 SerialUartCommunication:uart_comm|tx_done 
    Info (332119):     0.122               0.000 clk 
Info (332140): No Recovery paths to report
Info (332140): No Removal paths to report
Info (332146): Worst-case minimum pulse width slack is -0.553
    Info (332119):     Slack       End Point TNS Clock 
    Info (332119): ========= =================== =====================
    Info (332119):    -0.553              -6.972 clk 
    Info (332119):    -0.270             -32.883 SerialUartCommunication:uart_comm|rx_ready_aux 
    Info (332119):    -0.144              -6.919 SerialUartCommunication:uart_comm|tx_done 
Info (332114): Report Metastability: Found 2 synchronizer chains.
    Info (332114): Design MTBF is not calculated because the design doesn't meet its timing requirements.
Info: Analyzing Fast 1100mV 0C Model
Info (332123): Deriving Clock Uncertainty. Please refer to report_sdc in the Timing Analyzer to see clock uncertainties.
Critical Warning (332148): Timing requirements not met
    Info (11105): For recommendations on closing timing, run Report Timing Closure Recommendations in the Timing Analyzer.
Info (332146): Worst-case setup slack is -189.258
    Info (332119):     Slack       End Point TNS Clock 
    Info (332119): ========= =================== =====================
    Info (332119):  -189.258           -1811.986 SerialUartCommunication:uart_comm|tx_done 
    Info (332119):   -48.429           -9458.775 SerialUartCommunication:uart_comm|rx_ready_aux 
    Info (332119):    -2.754             -46.015 clk 
Info (332146): Worst-case hold slack is -0.152
    Info (332119):     Slack       End Point TNS Clock 
    Info (332119): ========= =================== =====================
    Info (332119):    -0.152              -0.830 clk 
    Info (332119):     0.074               0.000 SerialUartCommunication:uart_comm|rx_ready_aux 
    Info (332119):     0.086               0.000 SerialUartCommunication:uart_comm|tx_done 
Info (332140): No Recovery paths to report
Info (332140): No Removal paths to report
Info (332146): Worst-case minimum pulse width slack is -0.531
    Info (332119):     Slack       End Point TNS Clock 
    Info (332119): ========= =================== =====================
    Info (332119):    -0.531              -6.958 clk 
    Info (332119):    -0.191             -21.524 SerialUartCommunication:uart_comm|rx_ready_aux 
    Info (332119):    -0.079              -3.294 SerialUartCommunication:uart_comm|tx_done 
Info (332114): Report Metastability: Found 2 synchronizer chains.
    Info (332114): Design MTBF is not calculated because the design doesn't meet its timing requirements.
Info (332102): Design is not fully constrained for setup requirements
Info (332102): Design is not fully constrained for hold requirements
Info: Quartus Prime Timing Analyzer was successful. 0 errors, 5 warnings
    Info: Peak virtual memory: 5377 megabytes
    Info: Processing ended: Tue Dec  5 16:36:24 2023
    Info: Elapsed time: 00:00:33
    Info: Total CPU time (on all processors): 00:01:13


